Archive member included to satisfy reference by file (symbol)

C:/ST/STM32CubeIDE_1.19.0/STM32CubeIDE/plugins/com.st.stm32cube.ide.mcu.externaltools.gnu-tools-for-stm32.13.3.rel1.win32_1.0.0.202411081344/tools/bin/../lib/gcc/arm-none-eabi/13.3.1/../../../../arm-none-eabi/lib/thumb/v7e-m+fp/hard\libc_nano.a(libc_a-exit.o)
                              C:/ST/STM32CubeIDE_1.19.0/STM32CubeIDE/plugins/com.st.stm32cube.ide.mcu.externaltools.gnu-tools-for-stm32.13.3.rel1.win32_1.0.0.202411081344/tools/bin/../lib/gcc/arm-none-eabi/13.3.1/../../../../arm-none-eabi/lib/thumb/v7e-m+fp/hard/crt0.o (exit)
C:/ST/STM32CubeIDE_1.19.0/STM32CubeIDE/plugins/com.st.stm32cube.ide.mcu.externaltools.gnu-tools-for-stm32.13.3.rel1.win32_1.0.0.202411081344/tools/bin/../lib/gcc/arm-none-eabi/13.3.1/../../../../arm-none-eabi/lib/thumb/v7e-m+fp/hard\libc_nano.a(libc_a-findfp.o)
                              C:/ST/STM32CubeIDE_1.19.0/STM32CubeIDE/plugins/com.st.stm32cube.ide.mcu.externaltools.gnu-tools-for-stm32.13.3.rel1.win32_1.0.0.202411081344/tools/bin/../lib/gcc/arm-none-eabi/13.3.1/../../../../arm-none-eabi/lib/thumb/v7e-m+fp/hard\libc_nano.a(libc_a-exit.o) (__stdio_exit_handler)
C:/ST/STM32CubeIDE_1.19.0/STM32CubeIDE/plugins/com.st.stm32cube.ide.mcu.externaltools.gnu-tools-for-stm32.13.3.rel1.win32_1.0.0.202411081344/tools/bin/../lib/gcc/arm-none-eabi/13.3.1/../../../../arm-none-eabi/lib/thumb/v7e-m+fp/hard\libc_nano.a(libc_a-fwalk.o)
                              C:/ST/STM32CubeIDE_1.19.0/STM32CubeIDE/plugins/com.st.stm32cube.ide.mcu.externaltools.gnu-tools-for-stm32.13.3.rel1.win32_1.0.0.202411081344/tools/bin/../lib/gcc/arm-none-eabi/13.3.1/../../../../arm-none-eabi/lib/thumb/v7e-m+fp/hard\libc_nano.a(libc_a-findfp.o) (_fwalk_sglue)
C:/ST/STM32CubeIDE_1.19.0/STM32CubeIDE/plugins/com.st.stm32cube.ide.mcu.externaltools.gnu-tools-for-stm32.13.3.rel1.win32_1.0.0.202411081344/tools/bin/../lib/gcc/arm-none-eabi/13.3.1/../../../../arm-none-eabi/lib/thumb/v7e-m+fp/hard\libc_nano.a(libc_a-stdio.o)
                              C:/ST/STM32CubeIDE_1.19.0/STM32CubeIDE/plugins/com.st.stm32cube.ide.mcu.externaltools.gnu-tools-for-stm32.13.3.rel1.win32_1.0.0.202411081344/tools/bin/../lib/gcc/arm-none-eabi/13.3.1/../../../../arm-none-eabi/lib/thumb/v7e-m+fp/hard\libc_nano.a(libc_a-findfp.o) (__sread)
C:/ST/STM32CubeIDE_1.19.0/STM32CubeIDE/plugins/com.st.stm32cube.ide.mcu.externaltools.gnu-tools-for-stm32.13.3.rel1.win32_1.0.0.202411081344/tools/bin/../lib/gcc/arm-none-eabi/13.3.1/../../../../arm-none-eabi/lib/thumb/v7e-m+fp/hard\libc_nano.a(libc_a-memset.o)
                              C:/ST/STM32CubeIDE_1.19.0/STM32CubeIDE/plugins/com.st.stm32cube.ide.mcu.externaltools.gnu-tools-for-stm32.13.3.rel1.win32_1.0.0.202411081344/tools/bin/../lib/gcc/arm-none-eabi/13.3.1/../../../../arm-none-eabi/lib/thumb/v7e-m+fp/hard/crt0.o (memset)
C:/ST/STM32CubeIDE_1.19.0/STM32CubeIDE/plugins/com.st.stm32cube.ide.mcu.externaltools.gnu-tools-for-stm32.13.3.rel1.win32_1.0.0.202411081344/tools/bin/../lib/gcc/arm-none-eabi/13.3.1/../../../../arm-none-eabi/lib/thumb/v7e-m+fp/hard\libc_nano.a(libc_a-closer.o)
                              C:/ST/STM32CubeIDE_1.19.0/STM32CubeIDE/plugins/com.st.stm32cube.ide.mcu.externaltools.gnu-tools-for-stm32.13.3.rel1.win32_1.0.0.202411081344/tools/bin/../lib/gcc/arm-none-eabi/13.3.1/../../../../arm-none-eabi/lib/thumb/v7e-m+fp/hard\libc_nano.a(libc_a-stdio.o) (_close_r)
C:/ST/STM32CubeIDE_1.19.0/STM32CubeIDE/plugins/com.st.stm32cube.ide.mcu.externaltools.gnu-tools-for-stm32.13.3.rel1.win32_1.0.0.202411081344/tools/bin/../lib/gcc/arm-none-eabi/13.3.1/../../../../arm-none-eabi/lib/thumb/v7e-m+fp/hard\libc_nano.a(libc_a-reent.o)
                              C:/ST/STM32CubeIDE_1.19.0/STM32CubeIDE/plugins/com.st.stm32cube.ide.mcu.externaltools.gnu-tools-for-stm32.13.3.rel1.win32_1.0.0.202411081344/tools/bin/../lib/gcc/arm-none-eabi/13.3.1/../../../../arm-none-eabi/lib/thumb/v7e-m+fp/hard\libc_nano.a(libc_a-closer.o) (errno)
C:/ST/STM32CubeIDE_1.19.0/STM32CubeIDE/plugins/com.st.stm32cube.ide.mcu.externaltools.gnu-tools-for-stm32.13.3.rel1.win32_1.0.0.202411081344/tools/bin/../lib/gcc/arm-none-eabi/13.3.1/../../../../arm-none-eabi/lib/thumb/v7e-m+fp/hard\libc_nano.a(libc_a-impure.o)
                              C:/ST/STM32CubeIDE_1.19.0/STM32CubeIDE/plugins/com.st.stm32cube.ide.mcu.externaltools.gnu-tools-for-stm32.13.3.rel1.win32_1.0.0.202411081344/tools/bin/../lib/gcc/arm-none-eabi/13.3.1/../../../../arm-none-eabi/lib/thumb/v7e-m+fp/hard\libc_nano.a(libc_a-reent.o) (_impure_ptr)
C:/ST/STM32CubeIDE_1.19.0/STM32CubeIDE/plugins/com.st.stm32cube.ide.mcu.externaltools.gnu-tools-for-stm32.13.3.rel1.win32_1.0.0.202411081344/tools/bin/../lib/gcc/arm-none-eabi/13.3.1/../../../../arm-none-eabi/lib/thumb/v7e-m+fp/hard\libc_nano.a(libc_a-lseekr.o)
[...]
Memory Configuration

Name             Origin             Length             Attributes
RAM              0x20000000         0x00020000         xrw
FLASH            0x08000000         0x00080000         xr
*default*        0x00000000         0xffffffff

Linker script and memory map

LOAD C:/ST/STM32CubeIDE_1.19.0/STM32CubeIDE/plugins/com.st.stm32cube.ide.mcu.externaltools.gnu-tools-for-stm32.13.3.rel1.win32_1.0.0.202411081344/tools/bin/../lib/gcc/arm-none-eabi/13.3.1/thumb/v7e-m+fp/hard/crti.o
LOAD C:/ST/STM32CubeIDE_1.19.0/STM32CubeIDE/plugins/com.st.stm32cube.ide.mcu.externaltools.gnu-tools-for-stm32.13.3.rel1.win32_1.0.0.202411081344/tools/bin/../lib/gcc/arm-none-eabi/13.3.1/thumb/v7e-m+fp/hard/crtbegin.o
LOAD C:/ST/STM32CubeIDE_1.19.0/STM32CubeIDE/plugins/com.st.stm32cube.ide.mcu.externaltools.gnu-tools-for-stm32.13.3.rel1.win32_1.0.0.202411081344/tools/bin/../lib/gcc/arm-none-eabi/13.3.1/../../../../arm-none-eabi/lib/thumb/v7e-m+fp/hard/crt0.o
LOAD ./Core/Src/adc.o
LOAD ./Core/Src/control.o
LOAD ./Core/Src/fault.o
LOAD ./Core/Src/flag.o
LOAD ./Core/Src/gpio.o
LOAD ./Core/Src/hrtim.o
LOAD ./Core/Src/inv.o
LOAD ./Core/Src/main.o
LOAD ./Core/Src/speed_observer.o
LOAD ./Core/Src/stm32g4xx_hal_msp.o
LOAD ./Core/Src/stm32g4xx_it.o
LOAD ./Core/Src/syscalls.o
LOAD ./Core/Src/sysmem.o
LOAD ./Core/Src/system_stm32g4xx.o
LOAD ./Core/Src/tim.o
LOAD ./Core/Src/variable.o
LOAD ./Core/Startup/startup_stm32g474retx.o
LOAD ./Drivers/STM32G4xx_HAL_Driver/Src/stm32g4xx_hal.o
LOAD ./Drivers/STM32G4xx_HAL_Driver/Src/stm32g4xx_hal_adc.o
LOAD ./Drivers/STM32G4xx_HAL_Driver/Src/stm32g4xx_hal_adc_ex.o
LOAD ./Drivers/STM32G4xx_HAL_Driver/Src/stm32g4xx_hal_cortex.o
LOAD ./Drivers/STM32G4xx_HAL_Driver/Src/stm32g4xx_hal_dma.o
LOAD ./Drivers/STM32G4xx_HAL_Driver/Src/stm32g4xx_hal_dma_ex.o
LOAD ./Drivers/STM32G4xx_HAL_Driver/Src/stm32g4xx_hal_exti.o
LOAD ./Drivers/STM32G4xx_HAL_Driver/Src/stm32g4xx_hal_flash.o
LOAD ./Drivers/STM32G4xx_HAL_Driver/Src/stm32g4xx_hal_flash_ex.o
LOAD ./Drivers/STM32G4xx_HAL_Driver/Src/stm32g4xx_hal_flash_ramfunc.o
LOAD ./Drivers/STM32G4xx_HAL_Driver/Src/stm32g4xx_hal_gpio.o
LOAD ./Drivers/STM32G4xx_HAL_Driver/Src/stm32g4xx_hal_hrtim.o
LOAD ./Drivers/STM32G4xx_HAL_Driver/Src/stm32g4xx_hal_pwr.o
LOAD ./Drivers/STM32G4xx_HAL_Driver/Src/stm32g4xx_hal_pwr_ex.o
LOAD ./Drivers/STM32G4xx_HAL_Driver/Src/stm32g4xx_hal_rcc.o
LOAD ./Drivers/STM32G4xx_HAL_Driver/Src/stm32g4xx_hal_rcc_ex.o
LOAD ./Drivers/STM32G4xx_HAL_Driver/Src/stm32g4xx_hal_tim.o
LOAD ./Drivers/STM32G4xx_HAL_Driver/Src/stm32g4xx_hal_tim_ex.o
LOAD ./Drivers/STM32G4xx_HAL_Driver/Src/stm32g4xx_ll_adc.o
START GROUP
LOAD C:/ST/STM32CubeIDE_1.19.0/STM32CubeIDE/plugins/com.st.stm32cube.ide.mcu.externaltools.gnu-tools-for-stm32.13.3.rel1.win32_1.0.0.202411081344/tools/bin/../lib/gcc/arm-none-eabi/13.3.1/../../../../arm-none-eabi/lib/thumb/v7e-m+fp/hard\libc_nano.a
LOAD C:/ST/STM32CubeIDE_1.19.0/STM32CubeIDE/plugins/com.st.stm32cube.ide.mcu.externaltools.gnu-tools-for-stm32.13.3.rel1.win32_1.0.0.202411081344/tools/bin/../lib/gcc/arm-none-eabi/13.3.1/../../../../arm-none-eabi/lib/thumb/v7e-m+fp/hard\libm.a
END GROUP
START GROUP
LOAD C:/ST/STM32CubeIDE_1.19.0/STM32CubeIDE/plugins/com.st.stm32cube.ide.mcu.externaltools.gnu-tools-for-stm32.13.3.rel1.win32_1.0.0.202411081344/tools/bin/../lib/gcc/arm-none-eabi/13.3.1/thumb/v7e-m+fp/hard\libgcc.a
LOAD C:/ST/STM32CubeIDE_1.19.0/STM32CubeIDE/plugins/com.st.stm32cube.ide.mcu.externaltools.gnu-tools-for-stm32.13.3.rel1.win32_1.0.0.202411081344/tools/bin/../lib/gcc/arm-none-eabi/13.3.1/../../../../arm-none-eabi/lib/thumb/v7e-m+fp/hard\libc_nano.a
END GROUP
START GROUP
LOAD C:/ST/STM32CubeIDE_1.19.0/STM32CubeIDE/plugins/com.st.stm32cube.ide.mcu.externaltools.gnu-tools-for-stm32.13.3.rel1.win32_1.0.0.202411081344/tools/bin/../lib/gcc/arm-none-eabi/13.3.1/thumb/v7e-m+fp/hard\libgcc.a
LOAD C:/ST/STM32CubeIDE_1.19.0/STM32CubeIDE/plugins/com.st.stm32cube.ide.mcu.externaltools.gnu-tools-for-stm32.13.3.rel1.win32_1.0.0.202411081344/tools/bin/../lib/gcc/arm-none-eabi/13.3.1/../../../../arm-none-eabi/lib/thumb/v7e-m+fp/hard\libc_nano.a
LOAD C:/ST/STM32CubeIDE_1.19.0/STM32CubeIDE/plugins/com.st.stm32cube.ide.mcu.externaltools.gnu-tools-for-stm32.13.3.rel1.win32_1.0.0.202411081344/tools/bin/../lib/gcc/arm-none-eabi/13.3.1/../../../../arm-none-eabi/lib/thumb/v7e-m+fp/hard\libnosys.a
END GROUP
START GROUP
LOAD C:/ST/STM32CubeIDE_1.19.0/STM32CubeIDE/plugins/com.st.stm32cube.ide.mcu.externaltools.gnu-tools-for-stm32.13.3.rel1.win32_1.0.0.202411081344/tools/bin/../lib/gcc/arm-none-eabi/13.3.1/thumb/v7e-m+fp/hard\libgcc.a
LOAD C:/ST/STM32CubeIDE_1.19.0/STM32CubeIDE/plugins/com.st.stm32cube.ide.mcu.externaltools.gnu-tools-for-stm32.13.3.rel1.win32_1.0.0.202411081344/tools/bin/../lib/gcc/arm-none-eabi/13.3.1/../../../../arm-none-eabi/lib/thumb/v7e-m+fp/hard\libc_nano.a
LOAD C:/ST/STM32CubeIDE_1.19.0/STM32CubeIDE/plugins/com.st.stm32cube.ide.mcu.externaltools.gnu-tools-for-stm32.13.3.rel1.win32_1.0.0.202411081344/tools/bin/../lib/gcc/arm-none-eabi/13.3.1/../../../../arm-none-eabi/lib/thumb/v7e-m+fp/hard\libnosys.a
END GROUP
LOAD C:/ST/STM32CubeIDE_1.19.0/STM32CubeIDE/plugins/com.st.stm32cube.ide.mcu.externaltools.gnu-tools-for-stm32.13.3.rel1.win32_1.0.0.202411081344/tools/bin/../lib/gcc/arm-none-eabi/13.3.1/thumb/v7e-m+fp/hard/crtend.o
LOAD C:/ST/STM32CubeIDE_1.19.0/STM32CubeIDE/plugins/com.st.stm32cube.ide.mcu.externaltools.gnu-tools-for-stm32.13.3.rel1.win32_1.0.0.202411081344/tools/bin/../lib/gcc/arm-none-eabi/13.3.1/thumb/v7e-m+fp/hard/crtn.o
                0x20020000                        _estack = (ORIGIN (RAM) + LENGTH (RAM))
                0x00000200                        _Min_Heap_Size = 0x200
                0x00000400                        _Min_Stack_Size = 0x400

.isr_vector     0x08000000      0x1d8
                0x08000000                        . = ALIGN (0x4)
 *(.isr_vector)
 .isr_vector    0x08000000      0x1d8 ./Core/Startup/startup_stm32g474retx.o
                0x08000000                g_pfnVectors
                0x080001d8                        . = ALIGN (0x4)

.text           0x080001d8     0xfc70
                0x080001d8                        . = ALIGN (0x4)
 *(.text)
 .text          0x080001d8       0x40 C:/ST/STM32CubeIDE_1.19.0/STM32CubeIDE/plugins/com.st.stm32cube.ide.mcu.externaltools.gnu-tools-for-stm32.13.3.rel1.win32_1.0.0.202411081344/tools/bin/../lib/gcc/arm-none-eabi/13.3.1/thumb/v7e-m+fp/hard/crtbegin.o
 .text          0x08000218      0x254 C:/ST/STM32CubeIDE_1.19.0/STM32CubeIDE/plugins/com.st.stm32cube.ide.mcu.externaltools.gnu-tools-for-stm32.13.3.rel1.win32_1.0.0.202411081344/tools/bin/../lib/gcc/arm-none-eabi/13.3.1/thumb/v7e-m+fp/hard\libgcc.a(_arm_muldf3.o)
                0x08000218                __muldf3
                0x08000218                __aeabi_dmul
 .text          0x0800046c      0x378 C:/ST/STM32CubeIDE_1.19.0/STM32CubeIDE/plugins/com.st.stm32cube.ide.mcu.externaltools.gnu-tools-for-stm32.13.3.rel1.win32_1.0.0.202411081344/tools/bin/../lib/gcc/arm-none-eabi/13.3.1/thumb/v7e-m+fp/hard\libgcc.a(_arm_addsubdf3.o)
                0x0800046c                __aeabi_drsub
                0x08000474                __aeabi_dsub
                0x08000474                __subdf3
                0x08000478                __aeabi_dadd
                0x08000478                __adddf3
                0x080006f0                __floatunsidf
                0x080006f0                __aeabi_ui2d
                0x08000710                __floatsidf
                0x08000710                __aeabi_i2d
                0x08000734                __aeabi_f2d
                0x08000734                __extendsfdf2
                0x08000778                __floatundidf
                0x08000778                __aeabi_ul2d
                0x08000788                __floatdidf
                0x08000788                __aeabi_l2d
 .text          0x080007e4      0x110 C:/ST/STM32CubeIDE_1.19.0/STM32CubeIDE/plugins/com.st.stm32cube.ide.mcu.externaltools.gnu-tools-for-stm32.13.3.rel1.win32_1.0.0.202411081344/tools/bin/../lib/gcc/arm-none-eabi/13.3.1/thumb/v7e-m+fp/hard\libgcc.a(_arm_cmpdf2.o)
                0x080007e4                __gtdf2
                0x080007e4                __gedf2
                0x080007ec                __ltdf2
                0x080007ec                __ledf2
                0x080007f4                __nedf2
                0x080007f4                __eqdf2
                0x080007f4                __cmpdf2
                0x08000870                __aeabi_cdrcmple
                0x08000880                __aeabi_cdcmpeq
                0x08000880                __aeabi_cdcmple
                0x08000890                __aeabi_dcmpeq
                0x080008a4                __aeabi_dcmplt
                0x080008b8                __aeabi_dcmple
                0x080008cc                __aeabi_dcmpge
                0x080008e0                __aeabi_dcmpgt
 .text          0x080008f4       0x50 C:/ST/STM32CubeIDE_1.19.0/STM32CubeIDE/plugins/com.st.stm32cube.ide.mcu.externaltools.gnu-tools-for-stm32.13.3.rel1.win32_1.0.0.202411081344/tools/bin/../lib/gcc/arm-none-eabi/13.3.1/thumb/v7e-m+fp/hard\libgcc.a(_arm_fixdfsi.o)
                0x080008f4                __aeabi_d2iz
                0x080008f4                __fixdfsi
 .text          0x08000944       0xa0 C:/ST/STM32CubeIDE_1.19.0/STM32CubeIDE/plugins/com.st.stm32cube.ide.mcu.externaltools.gnu-tools-for-stm32.13.3.rel1.win32_1.0.0.202411081344/tools/bin/../lib/gcc/arm-none-eabi/13.3.1/thumb/v7e-m+fp/hard\libgcc.a(_arm_truncdfsf2.o)
                0x08000944                __truncdfsf2
                0x08000944                __aeabi_d2f
 *(.text*)
 .text.MX_ADC1_Init
                0x080009e4      0x1b8 ./Core/Src/adc.o
                0x080009e4                MX_ADC1_Init
 .text.HAL_ADC_MspInit
                0x08000b9c       0xb8 ./Core/Src/adc.o
                0x08000b9c                HAL_ADC_MspInit
 .text.AdcProcess
                0x08000c54      0x1ec ./Core/Src/adc.o
                0x08000c54                AdcProcess
 .text.Offset   0x08000e40       0xf4 ./Core/Src/adc.o
                0x08000e40                Offset
 .text.Control  0x08000f34      0x39c ./Core/Src/control.o
                0x08000f34                Control
 .text.SoftWareFault
                0x080012d0       0x70 ./Core/Src/fault.o
                0x080012d0                SoftWareFault
 .text.MX_GPIO_Init
                0x08001340       0xb0 ./Core/Src/gpio.o
                0x08001340                MX_GPIO_Init
 .text.MX_HRTIM1_Init
                0x080013f0      0x578 ./Core/Src/hrtim.o
                0x080013f0                MX_HRTIM1_Init
 .text.HAL_HRTIM_MspInit
                0x08001968       0x4c ./Core/Src/hrtim.o
                0x08001968                HAL_HRTIM_MspInit
 .text.HAL_HRTIM_MspPostInit
                0x080019b4       0xac ./Core/Src/hrtim.o
                0x080019b4                HAL_HRTIM_MspPostInit
 .text.InitParameter
                0x08001a60      0x164 ./Core/Src/inv.o
                0x08001a60                InitParameter
 .text.InitCurrentController
                0x08001bc4      0x370 ./Core/Src/inv.o
                0x08001bc4                InitCurrentController
 .text.UpdateController
                0x08001f34      0x118 ./Core/Src/inv.o
                0x08001f34                UpdateController
 *fill*         0x0800204c        0x4 
 .text.Init_Spd_PLL
                0x08002050       0xc4 ./Core/Src/inv.o
                0x08002050                Init_Spd_PLL
 .text.ResetController
                0x08002114      0x14c ./Core/Src/inv.o
                0x08002114                ResetController
 .text.InitSpeedController
                0x08002260      0x120 ./Core/Src/inv.o
                0x08002260                InitSpeedController
 .text.CurrentControl
                0x08002380     0x13ac ./Core/Src/inv.o
                0x08002380                CurrentControl
 *fill*         0x0800372c        0x4 
 .text.SpeedControl
                0x08003730      0x26c ./Core/Src/inv.o
                0x08003730                SpeedControl
 .text.OpenLoopControl
                0x0800399c      0x2a0 ./Core/Src/inv.o
                0x0800399c                OpenLoopControl
 *fill*         0x08003c3c        0x4 
 .text.Vref_GenControl
                0x08003c40     0x13e4 ./Core/Src/inv.o
                0x08003c40                Vref_GenControl
 *fill*         0x08005024        0x4 
 .text.VoltageOpenLoopControl
                0x08005028     0x11bc ./Core/Src/inv.o
                0x08005028                VoltageOpenLoopControl
 .text.VoltageInjection_SquareWave
                0x080061e4      0x784 ./Core/Src/inv.o
                0x080061e4                VoltageInjection_SquareWave
 .text.Hallsensor_Observer
                0x08006968      0x2bc ./Core/Src/inv.o
                0x08006968                Hallsensor_Observer
 .text.GetHallSensorState
                0x08006c24       0x68 ./Core/Src/inv.o
                0x08006c24                GetHallSensorState
 .text.HallPosition_Test
                0x08006c8c      0x138 ./Core/Src/inv.o
                0x08006c8c                HallPosition_Test
 .text.Align    0x08006dc4      0x138 ./Core/Src/inv.o
                0x08006dc4                Align
 .text.PwmSwOn  0x08006efc       0x20 ./Core/Src/inv.o
                0x08006efc                PwmSwOn
 .text.PwmSwOff
                0x08006f1c       0x50 ./Core/Src/inv.o
                0x08006f1c                PwmSwOff
 .text.PwmDutyUpt
                0x08006f6c       0xc0 ./Core/Src/inv.o
                0x08006f6c                PwmDutyUpt
 .text.main     0x0800702c      0x100 ./Core/Src/main.o
                0x0800702c                main
 .text.SystemClock_Config
                0x0800712c       0x9a ./Core/Src/main.o
                0x0800712c                SystemClock_Config
 .text.Error_Handler
                0x080071c6        0xc ./Core/Src/main.o
                0x080071c6                Error_Handler
 .text.initExtended_Sensorless_Synchronous_Frame
                0x080071d2      0x1ac ./Core/Src/speed_observer.o
                0x080071d2                initExtended_Sensorless_Synchronous_Frame
 *fill*         0x0800737e        0x2 
 .text.HAL_MspInit
                0x08007380       0x48 ./Core/Src/stm32g4xx_hal_msp.o
                0x08007380                HAL_MspInit
 .text.NMI_Handler
                0x080073c8        0x8 ./Core/Src/stm32g4xx_it.o
                0x080073c8                NMI_Handler
 .text.HardFault_Handler
                0x080073d0        0x8 ./Core/Src/stm32g4xx_it.o
                0x080073d0                HardFault_Handler
 .text.MemManage_Handler
                0x080073d8        0x8 ./Core/Src/stm32g4xx_it.o
                0x080073d8                MemManage_Handler
 .text.BusFault_Handler
                0x080073e0        0x8 ./Core/Src/stm32g4xx_it.o
                0x080073e0                BusFault_Handler
 .text.UsageFault_Handler
                0x080073e8        0x8 ./Core/Src/stm32g4xx_it.o
                0x080073e8                UsageFault_Handler
 .text.SVC_Handler
                0x080073f0        0xe ./Core/Src/stm32g4xx_it.o
                0x080073f0                SVC_Handler
 .text.DebugMon_Handler
                0x080073fe        0xe ./Core/Src/stm32g4xx_it.o
                0x080073fe                DebugMon_Handler
 .text.PendSV_Handler
                0x0800740c        0xe ./Core/Src/stm32g4xx_it.o
                0x0800740c                PendSV_Handler
 .text.SysTick_Handler
                0x0800741a        0xc ./Core/Src/stm32g4xx_it.o
                0x0800741a                SysTick_Handler
 *fill*         0x08007426        0x2 
 .text.ADC1_2_IRQHandler
                0x08007428       0x14 ./Core/Src/stm32g4xx_it.o
                0x08007428                ADC1_2_IRQHandler
 .text.TIM2_IRQHandler
                0x0800743c       0x24 ./Core/Src/stm32g4xx_it.o
                0x0800743c                TIM2_IRQHandler
 .text.HRTIM1_FLT_IRQHandler
                0x08007460       0x14 ./Core/Src/stm32g4xx_it.o
                0x08007460                HRTIM1_FLT_IRQHandler
 .text.SystemInit
                0x08007474       0x24 ./Core/Src/system_stm32g4xx.o
                0x08007474                SystemInit
 .text.MX_TIM2_Init
                0x08007498       0xe8 ./Core/Src/tim.o
                0x08007498                MX_TIM2_Init
 .text.MX_TIM3_Init
                0x08007580       0xec ./Core/Src/tim.o
                0x08007580                MX_TIM3_Init
 .text.HAL_TIM_Base_MspInit
                0x0800766c       0x48 ./Core/Src/tim.o
                0x0800766c                HAL_TIM_Base_MspInit
 .text.HAL_TIM_Encoder_MspInit
                0x080076b4       0xc4 ./Core/Src/tim.o
                0x080076b4                HAL_TIM_Encoder_MspInit
 .text.Reset_Handler
                0x08007778       0x50 ./Core/Startup/startup_stm32g474retx.o
                0x08007778                Reset_Handler
 .text.Default_Handler
                0x080077c8        0x2 ./Core/Startup/startup_stm32g474retx.o
                0x080077c8                RTC_Alarm_IRQHandler
                0x080077c8                EXTI2_IRQHandler
                0x080077c8                TIM8_TRG_COM_IRQHandler
                0x080077c8                TIM8_CC_IRQHandler
                0x080077c8                HRTIM1_Master_IRQHandler
                0x080077c8                SPI4_IRQHandler
                0x080077c8                FDCAN3_IT0_IRQHandler
                0x080077c8                TIM1_CC_IRQHandler
                0x080077c8                HRTIM1_TIMF_IRQHandler
                0x080077c8                USB_HP_IRQHandler
                0x080077c8                CORDIC_IRQHandler
                0x080077c8                HRTIM1_TIMD_IRQHandler
                0x080077c8                DMA2_Channel8_IRQHandler
                0x080077c8                EXTI3_IRQHandler
                0x080077c8                I2C3_ER_IRQHandler
                0x080077c8                EXTI0_IRQHandler
                0x080077c8                I2C2_EV_IRQHandler
                0x080077c8                FPU_IRQHandler
                0x080077c8                FDCAN1_IT1_IRQHandler
                0x080077c8                TIM1_UP_TIM16_IRQHandler
                0x080077c8                HRTIM1_TIME_IRQHandler
                0x080077c8                SPI1_IRQHandler
                0x080077c8                TIM6_DAC_IRQHandler
                0x080077c8                HRTIM1_TIMC_IRQHandler
                0x080077c8                TIM8_UP_IRQHandler
                0x080077c8                DMA2_Channel2_IRQHandler
                0x080077c8                DMA1_Channel4_IRQHandler
                0x080077c8                TIM20_TRG_COM_IRQHandler
                0x080077c8                USART3_IRQHandler
                0x080077c8                DMA1_Channel7_IRQHandler
                0x080077c8                UART5_IRQHandler
                0x080077c8                ADC3_IRQHandler
                0x080077c8                TIM4_IRQHandler
                0x080077c8                DMA2_Channel1_IRQHandler
                0x080077c8                QUADSPI_IRQHandler
                0x080077c8                I2C1_EV_IRQHandler
                0x080077c8                DMA1_Channel6_IRQHandler
                0x080077c8                UART4_IRQHandler
                0x080077c8                DMA2_Channel4_IRQHandler
                0x080077c8                TIM3_IRQHandler
                0x080077c8                RCC_IRQHandler
                0x080077c8                TIM20_UP_IRQHandler
                0x080077c8                DMA1_Channel1_IRQHandler
                0x080077c8                Default_Handler
                0x080077c8                DMA2_Channel7_IRQHandler
                0x080077c8                RTC_TAMP_LSECSS_IRQHandler
                0x080077c8                FMAC_IRQHandler
                0x080077c8                EXTI15_10_IRQHandler
                0x080077c8                DMA1_Channel8_IRQHandler
                0x080077c8                HRTIM1_TIMA_IRQHandler
                0x080077c8                TIM7_DAC_IRQHandler
                0x080077c8                FDCAN3_IT1_IRQHandler
                0x080077c8                TIM5_IRQHandler
                0x080077c8                UCPD1_IRQHandler
                0x080077c8                I2C3_EV_IRQHandler
                0x080077c8                EXTI9_5_IRQHandler
                0x080077c8                RTC_WKUP_IRQHandler
                0x080077c8                PVD_PVM_IRQHandler
                0x080077c8                SPI2_IRQHandler
                0x080077c8                ADC5_IRQHandler
                0x080077c8                DMA2_Channel5_IRQHandler
                0x080077c8                CRS_IRQHandler
                0x080077c8                DMA1_Channel5_IRQHandler
                0x080077c8                USB_LP_IRQHandler
                0x080077c8                EXTI4_IRQHandler
                0x080077c8                RNG_IRQHandler
                0x080077c8                HRTIM1_TIMB_IRQHandler
                0x080077c8                TIM1_TRG_COM_TIM17_IRQHandler
                0x080077c8                FDCAN2_IT1_IRQHandler
                0x080077c8                DMA1_Channel3_IRQHandler
                0x080077c8                ADC4_IRQHandler
                0x080077c8                WWDG_IRQHandler
                0x080077c8                I2C4_EV_IRQHandler
                0x080077c8                FDCAN2_IT0_IRQHandler
                0x080077c8                LPUART1_IRQHandler
                0x080077c8                DMA2_Channel6_IRQHandler
                0x080077c8                FDCAN1_IT0_IRQHandler
                0x080077c8                COMP7_IRQHandler
                0x080077c8                COMP1_2_3_IRQHandler
                0x080077c8                EXTI1_IRQHandler
                0x080077c8                USART2_IRQHandler
                0x080077c8                COMP4_5_6_IRQHandler
                0x080077c8                TIM20_BRK_IRQHandler
                0x080077c8                I2C2_ER_IRQHandler
                0x080077c8                DMA1_Channel2_IRQHandler
                0x080077c8                TIM8_BRK_IRQHandler
                0x080077c8                FLASH_IRQHandler
                0x080077c8                TIM20_CC_IRQHandler
                0x080077c8                USART1_IRQHandler
                0x080077c8                SPI3_IRQHandler
                0x080077c8                I2C1_ER_IRQHandler
                0x080077c8                FMC_IRQHandler
                0x080077c8                LPTIM1_IRQHandler
                0x080077c8                DMAMUX_OVR_IRQHandler
                0x080077c8                I2C4_ER_IRQHandler
                0x080077c8                USBWakeUp_IRQHandler
                0x080077c8                SAI1_IRQHandler
                0x080077c8                DMA2_Channel3_IRQHandler
                0x080077c8                TIM1_BRK_TIM15_IRQHandler
 .text.HAL_Init
                0x080077ca       0x30 ./Drivers/STM32G4xx_HAL_Driver/Src/stm32g4xx_hal.o
                0x080077ca                HAL_Init
 *fill*         0x080077fa        0x2 
 .text.HAL_InitTick
                0x080077fc       0x74 ./Drivers/STM32G4xx_HAL_Driver/Src/stm32g4xx_hal.o
                0x080077fc                HAL_InitTick
 .text.HAL_IncTick
                0x08007870       0x24 ./Drivers/STM32G4xx_HAL_Driver/Src/stm32g4xx_hal.o
                0x08007870                HAL_IncTick
 .text.HAL_GetTick
                0x08007894       0x18 ./Drivers/STM32G4xx_HAL_Driver/Src/stm32g4xx_hal.o
                0x08007894                HAL_GetTick
 .text.LL_ADC_SetCommonClock
                0x080078ac       0x26 ./Drivers/STM32G4xx_HAL_Driver/Src/stm32g4xx_hal_adc.o
 .text.LL_ADC_SetCommonPathInternalCh
                0x080078d2       0x26 ./Drivers/STM32G4xx_HAL_Driver/Src/stm32g4xx_hal_adc.o
 .text.LL_ADC_GetCommonPathInternalCh
                0x080078f8       0x1c ./Drivers/STM32G4xx_HAL_Driver/Src/stm32g4xx_hal_adc.o
 .text.LL_ADC_SetOffset
                0x08007914       0x48 ./Drivers/STM32G4xx_HAL_Driver/Src/stm32g4xx_hal_adc.o
 .text.LL_ADC_GetOffsetChannel
                0x0800795c       0x2c ./Drivers/STM32G4xx_HAL_Driver/Src/stm32g4xx_hal_adc.o
 .text.LL_ADC_SetOffsetState
                0x08007988       0x36 ./Drivers/STM32G4xx_HAL_Driver/Src/stm32g4xx_hal_adc.o
 .text.LL_ADC_SetOffsetSign
                0x080079be       0x36 ./Drivers/STM32G4xx_HAL_Driver/Src/stm32g4xx_hal_adc.o
 .text.LL_ADC_SetOffsetSaturation
                0x080079f4       0x36 ./Drivers/STM32G4xx_HAL_Driver/Src/stm32g4xx_hal_adc.o
 .text.LL_ADC_SetSamplingTimeCommonConfig
                0x08007a2a       0x26 ./Drivers/STM32G4xx_HAL_Driver/Src/stm32g4xx_hal_adc.o
 .text.LL_ADC_REG_IsTriggerSourceSWStart
                0x08007a50       0x26 ./Drivers/STM32G4xx_HAL_Driver/Src/stm32g4xx_hal_adc.o
 .text.LL_ADC_REG_SetSequencerRanks
                0x08007a76       0x58 ./Drivers/STM32G4xx_HAL_Driver/Src/stm32g4xx_hal_adc.o
 .text.LL_ADC_INJ_IsTriggerSourceSWStart
                0x08007ace       0x26 ./Drivers/STM32G4xx_HAL_Driver/Src/stm32g4xx_hal_adc.o
 .text.LL_ADC_SetChannelSamplingTime
                0x08007af4       0x56 ./Drivers/STM32G4xx_HAL_Driver/Src/stm32g4xx_hal_adc.o
 *fill*         0x08007b4a        0x2 
 .text.LL_ADC_SetChannelSingleDiff
                0x08007b4c       0x48 ./Drivers/STM32G4xx_HAL_Driver/Src/stm32g4xx_hal_adc.o
 .text.LL_ADC_GetMultimode
                0x08007b94       0x1c ./Drivers/STM32G4xx_HAL_Driver/Src/stm32g4xx_hal_adc.o
 .text.LL_ADC_GetMultiDMATransfer
                0x08007bb0       0x1c ./Drivers/STM32G4xx_HAL_Driver/Src/stm32g4xx_hal_adc.o
 .text.LL_ADC_DisableDeepPowerDown
                0x08007bcc       0x24 ./Drivers/STM32G4xx_HAL_Driver/Src/stm32g4xx_hal_adc.o
 .text.LL_ADC_IsDeepPowerDownEnabled
                0x08007bf0       0x28 ./Drivers/STM32G4xx_HAL_Driver/Src/stm32g4xx_hal_adc.o
 .text.LL_ADC_EnableInternalRegulator
                0x08007c18       0x28 ./Drivers/STM32G4xx_HAL_Driver/Src/stm32g4xx_hal_adc.o
 .text.LL_ADC_IsInternalRegulatorEnabled
                0x08007c40       0x28 ./Drivers/STM32G4xx_HAL_Driver/Src/stm32g4xx_hal_adc.o
 .text.LL_ADC_Enable
                0x08007c68       0x28 ./Drivers/STM32G4xx_HAL_Driver/Src/stm32g4xx_hal_adc.o
 .text.LL_ADC_IsEnabled
                0x08007c90       0x26 ./Drivers/STM32G4xx_HAL_Driver/Src/stm32g4xx_hal_adc.o
 .text.LL_ADC_REG_StartConversion
                0x08007cb6       0x28 ./Drivers/STM32G4xx_HAL_Driver/Src/stm32g4xx_hal_adc.o
 .text.LL_ADC_REG_IsConversionOngoing
                0x08007cde       0x26 ./Drivers/STM32G4xx_HAL_Driver/Src/stm32g4xx_hal_adc.o
 .text.LL_ADC_INJ_IsConversionOngoing
                0x08007d04       0x26 ./Drivers/STM32G4xx_HAL_Driver/Src/stm32g4xx_hal_adc.o
 *fill*         0x08007d2a        0x2 
 .text.HAL_ADC_Init
                0x08007d2c      0x378 ./Drivers/STM32G4xx_HAL_Driver/Src/stm32g4xx_hal_adc.o
                0x08007d2c                HAL_ADC_Init
 .text.HAL_ADC_Start_IT
                0x080080a4      0x2b0 ./Drivers/STM32G4xx_HAL_Driver/Src/stm32g4xx_hal_adc.o
                0x080080a4                HAL_ADC_Start_IT
 .text.HAL_ADC_IRQHandler
                0x08008354      0x4c0 ./Drivers/STM32G4xx_HAL_Driver/Src/stm32g4xx_hal_adc.o
                0x08008354                HAL_ADC_IRQHandler
 .text.HAL_ADC_ConvCpltCallback
                0x08008814       0x14 ./Drivers/STM32G4xx_HAL_Driver/Src/stm32g4xx_hal_adc.o
                0x08008814                HAL_ADC_ConvCpltCallback
 .text.HAL_ADC_LevelOutOfWindowCallback
                0x08008828       0x14 ./Drivers/STM32G4xx_HAL_Driver/Src/stm32g4xx_hal_adc.o
                0x08008828                HAL_ADC_LevelOutOfWindowCallback
 .text.HAL_ADC_ErrorCallback
                0x0800883c       0x14 ./Drivers/STM32G4xx_HAL_Driver/Src/stm32g4xx_hal_adc.o
                0x0800883c                HAL_ADC_ErrorCallback
 .text.HAL_ADC_ConfigChannel
                0x08008850      0x880 ./Drivers/STM32G4xx_HAL_Driver/Src/stm32g4xx_hal_adc.o
                0x08008850                HAL_ADC_ConfigChannel
 .text.ADC_Enable
                0x080090d0      0x12c ./Drivers/STM32G4xx_HAL_Driver/Src/stm32g4xx_hal_adc.o
                0x080090d0                ADC_Enable
 .text.LL_ADC_SetCommonPathInternalCh
                0x080091fc       0x26 ./Drivers/STM32G4xx_HAL_Driver/Src/stm32g4xx_hal_adc_ex.o
 .text.LL_ADC_GetCommonPathInternalCh
                0x08009222       0x1c ./Drivers/STM32G4xx_HAL_Driver/Src/stm32g4xx_hal_adc_ex.o
 *fill*         0x0800923e        0x2 
 .text.LL_ADC_SetOffset
                0x08009240       0x48 ./Drivers/STM32G4xx_HAL_Driver/Src/stm32g4xx_hal_adc_ex.o
 .text.LL_ADC_GetOffsetChannel
                0x08009288       0x2c ./Drivers/STM32G4xx_HAL_Driver/Src/stm32g4xx_hal_adc_ex.o
 .text.LL_ADC_SetOffsetState
                0x080092b4       0x36 ./Drivers/STM32G4xx_HAL_Driver/Src/stm32g4xx_hal_adc_ex.o
 .text.LL_ADC_SetOffsetSign
                0x080092ea       0x36 ./Drivers/STM32G4xx_HAL_Driver/Src/stm32g4xx_hal_adc_ex.o
 .text.LL_ADC_SetOffsetSaturation
                0x08009320       0x36 ./Drivers/STM32G4xx_HAL_Driver/Src/stm32g4xx_hal_adc_ex.o
 .text.LL_ADC_SetSamplingTimeCommonConfig
                0x08009356       0x26 ./Drivers/STM32G4xx_HAL_Driver/Src/stm32g4xx_hal_adc_ex.o
 .text.LL_ADC_INJ_GetTrigAuto
                0x0800937c       0x1c ./Drivers/STM32G4xx_HAL_Driver/Src/stm32g4xx_hal_adc_ex.o
 .text.LL_ADC_SetChannelSamplingTime
                0x08009398       0x56 ./Drivers/STM32G4xx_HAL_Driver/Src/stm32g4xx_hal_adc_ex.o
 *fill*         0x080093ee        0x2 
 .text.LL_ADC_SetChannelSingleDiff
                0x080093f0       0x48 ./Drivers/STM32G4xx_HAL_Driver/Src/stm32g4xx_hal_adc_ex.o
 .text.LL_ADC_GetMultimode
                0x08009438       0x1c ./Drivers/STM32G4xx_HAL_Driver/Src/stm32g4xx_hal_adc_ex.o
 .text.LL_ADC_IsEnabled
                0x08009454       0x26 ./Drivers/STM32G4xx_HAL_Driver/Src/stm32g4xx_hal_adc_ex.o
 .text.LL_ADC_REG_IsConversionOngoing
                0x0800947a       0x26 ./Drivers/STM32G4xx_HAL_Driver/Src/stm32g4xx_hal_adc_ex.o
 .text.LL_ADC_INJ_StartConversion
                0x080094a0       0x28 ./Drivers/STM32G4xx_HAL_Driver/Src/stm32g4xx_hal_adc_ex.o
 .text.LL_ADC_INJ_IsConversionOngoing
                0x080094c8       0x26 ./Drivers/STM32G4xx_HAL_Driver/Src/stm32g4xx_hal_adc_ex.o
 *fill*         0x080094ee        0x2 
 .text.HAL_ADCEx_InjectedStart_IT
                0x080094f0      0x20c ./Drivers/STM32G4xx_HAL_Driver/Src/stm32g4xx_hal_adc_ex.o
                0x080094f0                HAL_ADCEx_InjectedStart_IT
 .text.HAL_ADCEx_InjectedConvCpltCallback
                0x080096fc       0x14 ./Drivers/STM32G4xx_HAL_Driver/Src/stm32g4xx_hal_adc_ex.o
                0x080096fc                HAL_ADCEx_InjectedConvCpltCallback
 .text.HAL_ADCEx_InjectedQueueOverflowCallback
                0x08009710       0x14 ./Drivers/STM32G4xx_HAL_Driver/Src/stm32g4xx_hal_adc_ex.o
                0x08009710                HAL_ADCEx_InjectedQueueOverflowCallback
 .text.HAL_ADCEx_LevelOutOfWindow2Callback
                0x08009724       0x14 ./Drivers/STM32G4xx_HAL_Driver/Src/stm32g4xx_hal_adc_ex.o
                0x08009724                HAL_ADCEx_LevelOutOfWindow2Callback
 .text.HAL_ADCEx_LevelOutOfWindow3Callback
                0x08009738       0x14 ./Drivers/STM32G4xx_HAL_Driver/Src/stm32g4xx_hal_adc_ex.o
                0x08009738                HAL_ADCEx_LevelOutOfWindow3Callback
 .text.HAL_ADCEx_EndOfSamplingCallback
                0x0800974c       0x14 ./Drivers/STM32G4xx_HAL_Driver/Src/stm32g4xx_hal_adc_ex.o
                0x0800974c                HAL_ADCEx_EndOfSamplingCallback
 .text.HAL_ADCEx_InjectedConfigChannel
                0x08009760      0xa58 ./Drivers/STM32G4xx_HAL_Driver/Src/stm32g4xx_hal_adc_ex.o
                0x08009760                HAL_ADCEx_InjectedConfigChannel
 .text.HAL_ADCEx_MultiModeConfigChannel
                0x0800a1b8      0x210 ./Drivers/STM32G4xx_HAL_Driver/Src/stm32g4xx_hal_adc_ex.o
                0x0800a1b8                HAL_ADCEx_MultiModeConfigChannel
 .text.__NVIC_SetPriorityGrouping
                0x0800a3c8       0x48 ./Drivers/STM32G4xx_HAL_Driver/Src/stm32g4xx_hal_cortex.o
 .text.__NVIC_GetPriorityGrouping
                0x0800a410       0x1c ./Drivers/STM32G4xx_HAL_Driver/Src/stm32g4xx_hal_cortex.o
 .text.__NVIC_EnableIRQ
                0x0800a42c       0x3c ./Drivers/STM32G4xx_HAL_Driver/Src/stm32g4xx_hal_cortex.o
 .text.__NVIC_SetPriority
                0x0800a468       0x54 ./Drivers/STM32G4xx_HAL_Driver/Src/stm32g4xx_hal_cortex.o
 .text.NVIC_EncodePriority
                0x0800a4bc       0x66 ./Drivers/STM32G4xx_HAL_Driver/Src/stm32g4xx_hal_cortex.o
 *fill*         0x0800a522        0x2 
 .text.SysTick_Config
                0x0800a524       0x44 ./Drivers/STM32G4xx_HAL_Driver/Src/stm32g4xx_hal_cortex.o
 .text.HAL_NVIC_SetPriorityGrouping
                0x0800a568       0x16 ./Drivers/STM32G4xx_HAL_Driver/Src/stm32g4xx_hal_cortex.o
                0x0800a568                HAL_NVIC_SetPriorityGrouping
 .text.HAL_NVIC_SetPriority
                0x0800a57e       0x34 ./Drivers/STM32G4xx_HAL_Driver/Src/stm32g4xx_hal_cortex.o
                0x0800a57e                HAL_NVIC_SetPriority
 .text.HAL_NVIC_EnableIRQ
                0x0800a5b2       0x1c ./Drivers/STM32G4xx_HAL_Driver/Src/stm32g4xx_hal_cortex.o
                0x0800a5b2                HAL_NVIC_EnableIRQ
 .text.HAL_SYSTICK_Config
                0x0800a5ce       0x18 ./Drivers/STM32G4xx_HAL_Driver/Src/stm32g4xx_hal_cortex.o
                0x0800a5ce                HAL_SYSTICK_Config
 *fill*         0x0800a5e6        0x2 
 .text.HAL_GPIO_Init
                0x0800a5e8      0x304 ./Drivers/STM32G4xx_HAL_Driver/Src/stm32g4xx_hal_gpio.o
                0x0800a5e8                HAL_GPIO_Init
 .text.HAL_GPIO_ReadPin
                0x0800a8ec       0x30 ./Drivers/STM32G4xx_HAL_Driver/Src/stm32g4xx_hal_gpio.o
                0x0800a8ec                HAL_GPIO_ReadPin
 .text.HAL_GPIO_WritePin
                0x0800a91c       0x30 ./Drivers/STM32G4xx_HAL_Driver/Src/stm32g4xx_hal_gpio.o
                0x0800a91c                HAL_GPIO_WritePin
 .text.HAL_HRTIM_Init
                0x0800a94c      0x1a0 ./Drivers/STM32G4xx_HAL_Driver/Src/stm32g4xx_hal_hrtim.o
                0x0800a94c                HAL_HRTIM_Init
 .text.HAL_HRTIM_DLLCalibrationStart
                0x0800aaec       0xb0 ./Drivers/STM32G4xx_HAL_Driver/Src/stm32g4xx_hal_hrtim.o
                0x0800aaec                HAL_HRTIM_DLLCalibrationStart
 .text.HAL_HRTIM_PollForDLLCalibration
                0x0800ab9c       0x68 ./Drivers/STM32G4xx_HAL_Driver/Src/stm32g4xx_hal_hrtim.o
                0x0800ab9c                HAL_HRTIM_PollForDLLCalibration
 .text.HAL_HRTIM_TimeBaseConfig
                0x0800ac04       0x50 ./Drivers/STM32G4xx_HAL_Driver/Src/stm32g4xx_hal_hrtim.o
                0x0800ac04                HAL_HRTIM_TimeBaseConfig
 .text.HAL_HRTIM_FaultConfig
                0x0800ac54      0x380 ./Drivers/STM32G4xx_HAL_Driver/Src/stm32g4xx_hal_hrtim.o
                0x0800ac54                HAL_HRTIM_FaultConfig
 .text.HAL_HRTIM_FaultPrescalerConfig
                0x0800afd4       0x72 ./Drivers/STM32G4xx_HAL_Driver/Src/stm32g4xx_hal_hrtim.o
                0x0800afd4                HAL_HRTIM_FaultPrescalerConfig
 *fill*         0x0800b046        0x2 
 .text.HAL_HRTIM_FaultBlankingConfigAndEnable
                0x0800b048      0x1d8 ./Drivers/STM32G4xx_HAL_Driver/Src/stm32g4xx_hal_hrtim.o
                0x0800b048                HAL_HRTIM_FaultBlankingConfigAndEnable
 .text.HAL_HRTIM_FaultCounterConfig
                0x0800b220      0x1f0 ./Drivers/STM32G4xx_HAL_Driver/Src/stm32g4xx_hal_hrtim.o
                0x0800b220                HAL_HRTIM_FaultCounterConfig
 .text.HAL_HRTIM_FaultModeCtl
                0x0800b410      0x104 ./Drivers/STM32G4xx_HAL_Driver/Src/stm32g4xx_hal_hrtim.o
                0x0800b410                HAL_HRTIM_FaultModeCtl
 .text.HAL_HRTIM_ADCTriggerConfig
                0x0800b514      0x3d8 ./Drivers/STM32G4xx_HAL_Driver/Src/stm32g4xx_hal_hrtim.o
                0x0800b514                HAL_HRTIM_ADCTriggerConfig
 .text.HAL_HRTIM_ADCPostScalerConfig
                0x0800b8ec      0x294 ./Drivers/STM32G4xx_HAL_Driver/Src/stm32g4xx_hal_hrtim.o
                0x0800b8ec                HAL_HRTIM_ADCPostScalerConfig
 .text.HAL_HRTIM_RollOverModeConfig
                0x0800bb80       0x5e ./Drivers/STM32G4xx_HAL_Driver/Src/stm32g4xx_hal_hrtim.o
                0x0800bb80                HAL_HRTIM_RollOverModeConfig
 .text.HAL_HRTIM_WaveformTimerConfig
                0x0800bbde      0x11a ./Drivers/STM32G4xx_HAL_Driver/Src/stm32g4xx_hal_hrtim.o
                0x0800bbde                HAL_HRTIM_WaveformTimerConfig
 .text.HAL_HRTIM_WaveformTimerControl
                0x0800bcf8       0x66 ./Drivers/STM32G4xx_HAL_Driver/Src/stm32g4xx_hal_hrtim.o
                0x0800bcf8                HAL_HRTIM_WaveformTimerControl
 *fill*         0x0800bd5e        0x2 
 .text.HAL_HRTIM_DeadTimeConfig
                0x0800bd60      0x100 ./Drivers/STM32G4xx_HAL_Driver/Src/stm32g4xx_hal_hrtim.o
                0x0800bd60                HAL_HRTIM_DeadTimeConfig
 .text.HAL_HRTIM_WaveformCompareConfig
                0x0800be60      0x2dc ./Drivers/STM32G4xx_HAL_Driver/Src/stm32g4xx_hal_hrtim.o
                0x0800be60                HAL_HRTIM_WaveformCompareConfig
 .text.HAL_HRTIM_WaveformOutputConfig
                0x0800c13c       0x62 ./Drivers/STM32G4xx_HAL_Driver/Src/stm32g4xx_hal_hrtim.o
                0x0800c13c                HAL_HRTIM_WaveformOutputConfig
 .text.HAL_HRTIM_WaveformOutputStart
                0x0800c19e       0x5a ./Drivers/STM32G4xx_HAL_Driver/Src/stm32g4xx_hal_hrtim.o
                0x0800c19e                HAL_HRTIM_WaveformOutputStart
 .text.HAL_HRTIM_WaveformOutputStop
                0x0800c1f8       0x5a ./Drivers/STM32G4xx_HAL_Driver/Src/stm32g4xx_hal_hrtim.o
                0x0800c1f8                HAL_HRTIM_WaveformOutputStop
 .text.HAL_HRTIM_WaveformCountStart
                0x0800c252       0x56 ./Drivers/STM32G4xx_HAL_Driver/Src/stm32g4xx_hal_hrtim.o
                0x0800c252                HAL_HRTIM_WaveformCountStart
 .text.HAL_HRTIM_WaveformCountStop
                0x0800c2a8       0x58 ./Drivers/STM32G4xx_HAL_Driver/Src/stm32g4xx_hal_hrtim.o
                0x0800c2a8                HAL_HRTIM_WaveformCountStop
 .text.HAL_HRTIM_IRQHandler
                0x0800c300       0x36 ./Drivers/STM32G4xx_HAL_Driver/Src/stm32g4xx_hal_hrtim.o
                0x0800c300                HAL_HRTIM_IRQHandler
 .text.HAL_HRTIM_Fault1Callback
                0x0800c336       0x14 ./Drivers/STM32G4xx_HAL_Driver/Src/stm32g4xx_hal_hrtim.o
                0x0800c336                HAL_HRTIM_Fault1Callback
 .text.HAL_HRTIM_Fault2Callback
                0x0800c34a       0x14 ./Drivers/STM32G4xx_HAL_Driver/Src/stm32g4xx_hal_hrtim.o
                0x0800c34a                HAL_HRTIM_Fault2Callback
 .text.HAL_HRTIM_Fault3Callback
                0x0800c35e       0x14 ./Drivers/STM32G4xx_HAL_Driver/Src/stm32g4xx_hal_hrtim.o
                0x0800c35e                HAL_HRTIM_Fault3Callback
 .text.HAL_HRTIM_Fault4Callback
                0x0800c372       0x14 ./Drivers/STM32G4xx_HAL_Driver/Src/stm32g4xx_hal_hrtim.o
                0x0800c372                HAL_HRTIM_Fault4Callback
 .text.HAL_HRTIM_Fault5Callback
                0x0800c386       0x14 ./Drivers/STM32G4xx_HAL_Driver/Src/stm32g4xx_hal_hrtim.o
                0x0800c386                HAL_HRTIM_Fault5Callback
 .text.HAL_HRTIM_Fault6Callback
                0x0800c39a       0x14 ./Drivers/STM32G4xx_HAL_Driver/Src/stm32g4xx_hal_hrtim.o
                0x0800c39a                HAL_HRTIM_Fault6Callback
 .text.HAL_HRTIM_SystemFaultCallback
                0x0800c3ae       0x14 ./Drivers/STM32G4xx_HAL_Driver/Src/stm32g4xx_hal_hrtim.o
                0x0800c3ae                HAL_HRTIM_SystemFaultCallback
 .text.HAL_HRTIM_DLLCalibrationReadyCallback
                0x0800c3c2       0x14 ./Drivers/STM32G4xx_HAL_Driver/Src/stm32g4xx_hal_hrtim.o
                0x0800c3c2                HAL_HRTIM_DLLCalibrationReadyCallback
 .text.HAL_HRTIM_BurstModePeriodCallback
                0x0800c3d6       0x14 ./Drivers/STM32G4xx_HAL_Driver/Src/stm32g4xx_hal_hrtim.o
                0x0800c3d6                HAL_HRTIM_BurstModePeriodCallback
 .text.HAL_HRTIM_SynchronizationEventCallback
                0x0800c3ea       0x14 ./Drivers/STM32G4xx_HAL_Driver/Src/stm32g4xx_hal_hrtim.o
                0x0800c3ea                HAL_HRTIM_SynchronizationEventCallback
 .text.HAL_HRTIM_RegistersUpdateCallback
                0x0800c3fe       0x16 ./Drivers/STM32G4xx_HAL_Driver/Src/stm32g4xx_hal_hrtim.o
                0x0800c3fe                HAL_HRTIM_RegistersUpdateCallback
 .text.HAL_HRTIM_RepetitionEventCallback
                0x0800c414       0x16 ./Drivers/STM32G4xx_HAL_Driver/Src/stm32g4xx_hal_hrtim.o
                0x0800c414                HAL_HRTIM_RepetitionEventCallback
 .text.HAL_HRTIM_Compare1EventCallback
                0x0800c42a       0x16 ./Drivers/STM32G4xx_HAL_Driver/Src/stm32g4xx_hal_hrtim.o
                0x0800c42a                HAL_HRTIM_Compare1EventCallback
 .text.HAL_HRTIM_Compare2EventCallback
                0x0800c440       0x16 ./Drivers/STM32G4xx_HAL_Driver/Src/stm32g4xx_hal_hrtim.o
                0x0800c440                HAL_HRTIM_Compare2EventCallback
 .text.HAL_HRTIM_Compare3EventCallback
                0x0800c456       0x16 ./Drivers/STM32G4xx_HAL_Driver/Src/stm32g4xx_hal_hrtim.o
                0x0800c456                HAL_HRTIM_Compare3EventCallback
 .text.HAL_HRTIM_Compare4EventCallback
                0x0800c46c       0x16 ./Drivers/STM32G4xx_HAL_Driver/Src/stm32g4xx_hal_hrtim.o
                0x0800c46c                HAL_HRTIM_Compare4EventCallback
 .text.HAL_HRTIM_Capture1EventCallback
                0x0800c482       0x16 ./Drivers/STM32G4xx_HAL_Driver/Src/stm32g4xx_hal_hrtim.o
                0x0800c482                HAL_HRTIM_Capture1EventCallback
 .text.HAL_HRTIM_Capture2EventCallback
                0x0800c498       0x16 ./Drivers/STM32G4xx_HAL_Driver/Src/stm32g4xx_hal_hrtim.o
                0x0800c498                HAL_HRTIM_Capture2EventCallback
 .text.HAL_HRTIM_DelayedProtectionCallback
                0x0800c4ae       0x16 ./Drivers/STM32G4xx_HAL_Driver/Src/stm32g4xx_hal_hrtim.o
                0x0800c4ae                HAL_HRTIM_DelayedProtectionCallback
 .text.HAL_HRTIM_CounterResetCallback
                0x0800c4c4       0x16 ./Drivers/STM32G4xx_HAL_Driver/Src/stm32g4xx_hal_hrtim.o
                0x0800c4c4                HAL_HRTIM_CounterResetCallback
 .text.HAL_HRTIM_Output1SetCallback
                0x0800c4da       0x16 ./Drivers/STM32G4xx_HAL_Driver/Src/stm32g4xx_hal_hrtim.o
                0x0800c4da                HAL_HRTIM_Output1SetCallback
 .text.HAL_HRTIM_Output1ResetCallback
                0x0800c4f0       0x16 ./Drivers/STM32G4xx_HAL_Driver/Src/stm32g4xx_hal_hrtim.o
                0x0800c4f0                HAL_HRTIM_Output1ResetCallback
 .text.HAL_HRTIM_Output2SetCallback
                0x0800c506       0x16 ./Drivers/STM32G4xx_HAL_Driver/Src/stm32g4xx_hal_hrtim.o
                0x0800c506                HAL_HRTIM_Output2SetCallback
 .text.HAL_HRTIM_Output2ResetCallback
                0x0800c51c       0x16 ./Drivers/STM32G4xx_HAL_Driver/Src/stm32g4xx_hal_hrtim.o
                0x0800c51c                HAL_HRTIM_Output2ResetCallback
 .text.HRTIM_MasterBase_Config
                0x0800c532       0x5e ./Drivers/STM32G4xx_HAL_Driver/Src/stm32g4xx_hal_hrtim.o
 .text.HRTIM_TimingUnitBase_Config
                0x0800c590       0x80 ./Drivers/STM32G4xx_HAL_Driver/Src/stm32g4xx_hal_hrtim.o
 .text.HRTIM_MasterWaveform_Config
                0x0800c610      0x13a ./Drivers/STM32G4xx_HAL_Driver/Src/stm32g4xx_hal_hrtim.o
 *fill*         0x0800c74a        0x2 
 .text.HRTIM_TimingUnitWaveform_Config
                0x0800c74c      0x30c ./Drivers/STM32G4xx_HAL_Driver/Src/stm32g4xx_hal_hrtim.o
 .text.HRTIM_TimingUnitWaveform_Control
                0x0800ca58       0xc0 ./Drivers/STM32G4xx_HAL_Driver/Src/stm32g4xx_hal_hrtim.o
 .text.HRTIM_TimingUnitRollOver_Config
                0x0800cb18       0x5c ./Drivers/STM32G4xx_HAL_Driver/Src/stm32g4xx_hal_hrtim.o
 .text.HRTIM_OutputConfig
                0x0800cb74      0x1d0 ./Drivers/STM32G4xx_HAL_Driver/Src/stm32g4xx_hal_hrtim.o
 .text.HRTIM_ForceRegistersUpdate
                0x0800cd44       0xdc ./Drivers/STM32G4xx_HAL_Driver/Src/stm32g4xx_hal_hrtim.o
 .text.HRTIM_HRTIM_ISR
                0x0800ce20      0x120 ./Drivers/STM32G4xx_HAL_Driver/Src/stm32g4xx_hal_hrtim.o
 .text.HRTIM_Master_ISR
                0x0800cf40      0x18a ./Drivers/STM32G4xx_HAL_Driver/Src/stm32g4xx_hal_hrtim.o
 .text.HRTIM_Timer_ISR
                0x0800d0ca      0x2aa ./Drivers/STM32G4xx_HAL_Driver/Src/stm32g4xx_hal_hrtim.o
 .text.HAL_PWREx_ControlVoltageScaling
                0x0800d374      0x148 ./Drivers/STM32G4xx_HAL_Driver/Src/stm32g4xx_hal_pwr_ex.o
                0x0800d374                HAL_PWREx_ControlVoltageScaling
 .text.HAL_PWREx_DisableUCPDDeadBattery
                0x0800d4bc       0x20 ./Drivers/STM32G4xx_HAL_Driver/Src/stm32g4xx_hal_pwr_ex.o
                0x0800d4bc                HAL_PWREx_DisableUCPDDeadBattery
 .text.HAL_RCC_OscConfig
                0x0800d4dc      0x624 ./Drivers/STM32G4xx_HAL_Driver/Src/stm32g4xx_hal_rcc.o
                0x0800d4dc                HAL_RCC_OscConfig
 .text.HAL_RCC_ClockConfig
                0x0800db00      0x278 ./Drivers/STM32G4xx_HAL_Driver/Src/stm32g4xx_hal_rcc.o
                0x0800db00                HAL_RCC_ClockConfig
 .text.HAL_RCC_GetSysClockFreq
                0x0800dd78       0xc4 ./Drivers/STM32G4xx_HAL_Driver/Src/stm32g4xx_hal_rcc.o
                0x0800dd78                HAL_RCC_GetSysClockFreq
 .text.RCC_GetSysClockFreqFromPLLSource
                0x0800de3c       0x8c ./Drivers/STM32G4xx_HAL_Driver/Src/stm32g4xx_hal_rcc.o
 .text.HAL_RCCEx_PeriphCLKConfig
                0x0800dec8      0x49c ./Drivers/STM32G4xx_HAL_Driver/Src/stm32g4xx_hal_rcc_ex.o
                0x0800dec8                HAL_RCCEx_PeriphCLKConfig
 .text.HAL_TIM_Base_Init
                0x0800e364       0xae ./Drivers/STM32G4xx_HAL_Driver/Src/stm32g4xx_hal_tim.o
                0x0800e364                HAL_TIM_Base_Init
 .text.HAL_TIM_OC_Init
                0x0800e412       0xae ./Drivers/STM32G4xx_HAL_Driver/Src/stm32g4xx_hal_tim.o
                0x0800e412                HAL_TIM_OC_Init
 .text.HAL_TIM_OC_MspInit
                0x0800e4c0       0x14 ./Drivers/STM32G4xx_HAL_Driver/Src/stm32g4xx_hal_tim.o
                0x0800e4c0                HAL_TIM_OC_MspInit
 .text.HAL_TIM_OC_Start_IT
                0x0800e4d4      0x2c0 ./Drivers/STM32G4xx_HAL_Driver/Src/stm32g4xx_hal_tim.o
                0x0800e4d4                HAL_TIM_OC_Start_IT
 .text.HAL_TIM_Encoder_Init
                0x0800e794      0x14c ./Drivers/STM32G4xx_HAL_Driver/Src/stm32g4xx_hal_tim.o
                0x0800e794                HAL_TIM_Encoder_Init
 .text.HAL_TIM_IRQHandler
                0x0800e8e0      0x29e ./Drivers/STM32G4xx_HAL_Driver/Src/stm32g4xx_hal_tim.o
                0x0800e8e0                HAL_TIM_IRQHandler
 *fill*         0x0800eb7e        0x2 
 .text.HAL_TIM_OC_ConfigChannel
                0x0800eb80       0xf4 ./Drivers/STM32G4xx_HAL_Driver/Src/stm32g4xx_hal_tim.o
                0x0800eb80                HAL_TIM_OC_ConfigChannel
 .text.HAL_TIM_ConfigClockSource
                0x0800ec74      0x22c ./Drivers/STM32G4xx_HAL_Driver/Src/stm32g4xx_hal_tim.o
                0x0800ec74                HAL_TIM_ConfigClockSource
 .text.HAL_TIM_PeriodElapsedCallback
                0x0800eea0       0x14 ./Drivers/STM32G4xx_HAL_Driver/Src/stm32g4xx_hal_tim.o
                0x0800eea0                HAL_TIM_PeriodElapsedCallback
 .text.HAL_TIM_OC_DelayElapsedCallback
                0x0800eeb4       0x14 ./Drivers/STM32G4xx_HAL_Driver/Src/stm32g4xx_hal_tim.o
                0x0800eeb4                HAL_TIM_OC_DelayElapsedCallback
 .text.HAL_TIM_IC_CaptureCallback
                0x0800eec8       0x14 ./Drivers/STM32G4xx_HAL_Driver/Src/stm32g4xx_hal_tim.o
                0x0800eec8                HAL_TIM_IC_CaptureCallback
 .text.HAL_TIM_PWM_PulseFinishedCallback
                0x0800eedc       0x14 ./Drivers/STM32G4xx_HAL_Driver/Src/stm32g4xx_hal_tim.o
                0x0800eedc                HAL_TIM_PWM_PulseFinishedCallback
 .text.HAL_TIM_TriggerCallback
                0x0800eef0       0x14 ./Drivers/STM32G4xx_HAL_Driver/Src/stm32g4xx_hal_tim.o
                0x0800eef0                HAL_TIM_TriggerCallback
 .text.TIM_Base_SetConfig
                0x0800ef04      0x168 ./Drivers/STM32G4xx_HAL_Driver/Src/stm32g4xx_hal_tim.o
                0x0800ef04                TIM_Base_SetConfig
 .text.TIM_OC1_SetConfig
                0x0800f06c      0x134 ./Drivers/STM32G4xx_HAL_Driver/Src/stm32g4xx_hal_tim.o
 .text.TIM_OC2_SetConfig
                0x0800f1a0      0x128 ./Drivers/STM32G4xx_HAL_Driver/Src/stm32g4xx_hal_tim.o
                0x0800f1a0                TIM_OC2_SetConfig
 .text.TIM_OC3_SetConfig
                0x0800f2c8      0x124 ./Drivers/STM32G4xx_HAL_Driver/Src/stm32g4xx_hal_tim.o
 .text.TIM_OC4_SetConfig
                0x0800f3ec      0x128 ./Drivers/STM32G4xx_HAL_Driver/Src/stm32g4xx_hal_tim.o
 .text.TIM_OC5_SetConfig
                0x0800f514       0xd4 ./Drivers/STM32G4xx_HAL_Driver/Src/stm32g4xx_hal_tim.o
 .text.TIM_OC6_SetConfig
                0x0800f5e8       0xd8 ./Drivers/STM32G4xx_HAL_Driver/Src/stm32g4xx_hal_tim.o
 .text.TIM_TI1_ConfigInputStage
                0x0800f6c0       0x5e ./Drivers/STM32G4xx_HAL_Driver/Src/stm32g4xx_hal_tim.o
 .text.TIM_TI2_ConfigInputStage
                0x0800f71e       0x60 ./Drivers/STM32G4xx_HAL_Driver/Src/stm32g4xx_hal_tim.o
 .text.TIM_ITRx_SetConfig
                0x0800f77e       0x3a ./Drivers/STM32G4xx_HAL_Driver/Src/stm32g4xx_hal_tim.o
 .text.TIM_ETR_SetConfig
                0x0800f7b8       0x40 ./Drivers/STM32G4xx_HAL_Driver/Src/stm32g4xx_hal_tim.o
                0x0800f7b8                TIM_ETR_SetConfig
 .text.TIM_CCxChannelCmd
                0x0800f7f8       0x4a ./Drivers/STM32G4xx_HAL_Driver/Src/stm32g4xx_hal_tim.o
                0x0800f7f8                TIM_CCxChannelCmd
 *fill*         0x0800f842        0x2 
 .text.HAL_TIMEx_HallSensor_Start_IT
                0x0800f844      0x13c ./Drivers/STM32G4xx_HAL_Driver/Src/stm32g4xx_hal_tim_ex.o
                0x0800f844                HAL_TIMEx_HallSensor_Start_IT
 .text.HAL_TIMEx_MasterConfigSynchronization
                0x0800f980      0x12c ./Drivers/STM32G4xx_HAL_Driver/Src/stm32g4xx_hal_tim_ex.o
                0x0800f980                HAL_TIMEx_MasterConfigSynchronization
 .text.HAL_TIMEx_ConfigEncoderIndex
                0x0800faac       0x76 ./Drivers/STM32G4xx_HAL_Driver/Src/stm32g4xx_hal_tim_ex.o
                0x0800faac                HAL_TIMEx_ConfigEncoderIndex
 .text.HAL_TIMEx_CommutCallback
                0x0800fb22       0x14 ./Drivers/STM32G4xx_HAL_Driver/Src/stm32g4xx_hal_tim_ex.o
                0x0800fb22                HAL_TIMEx_CommutCallback
 .text.HAL_TIMEx_BreakCallback
                0x0800fb36       0x14 ./Drivers/STM32G4xx_HAL_Driver/Src/stm32g4xx_hal_tim_ex.o
                0x0800fb36                HAL_TIMEx_BreakCallback
 .text.HAL_TIMEx_Break2Callback
                0x0800fb4a       0x14 ./Drivers/STM32G4xx_HAL_Driver/Src/stm32g4xx_hal_tim_ex.o
                0x0800fb4a                HAL_TIMEx_Break2Callback
 .text.HAL_TIMEx_EncoderIndexCallback
                0x0800fb5e       0x14 ./Drivers/STM32G4xx_HAL_Driver/Src/stm32g4xx_hal_tim_ex.o
                0x0800fb5e                HAL_TIMEx_EncoderIndexCallback
 .text.HAL_TIMEx_DirectionChangeCallback
                0x0800fb72       0x14 ./Drivers/STM32G4xx_HAL_Driver/Src/stm32g4xx_hal_tim_ex.o
                0x0800fb72                HAL_TIMEx_DirectionChangeCallback
 .text.HAL_TIMEx_IndexErrorCallback
                0x0800fb86       0x14 ./Drivers/STM32G4xx_HAL_Driver/Src/stm32g4xx_hal_tim_ex.o
                0x0800fb86                HAL_TIMEx_IndexErrorCallback
 .text.HAL_TIMEx_TransitionErrorCallback
                0x0800fb9a       0x14 ./Drivers/STM32G4xx_HAL_Driver/Src/stm32g4xx_hal_tim_ex.o
                0x0800fb9a                HAL_TIMEx_TransitionErrorCallback
 .text.memset   0x0800fbae       0x10 C:/ST/STM32CubeIDE_1.19.0/STM32CubeIDE/plugins/com.st.stm32cube.ide.mcu.externaltools.gnu-tools-for-stm32.13.3.rel1.win32_1.0.0.202411081344/tools/bin/../lib/gcc/arm-none-eabi/13.3.1/../../../../arm-none-eabi/lib/thumb/v7e-m+fp/hard\libc_nano.a(libc_a-memset.o)
                0x0800fbae                memset
 *fill*         0x0800fbbe        0x2 
 .text.__libc_init_array
                0x0800fbc0       0x48 C:/ST/STM32CubeIDE_1.19.0/STM32CubeIDE/plugins/com.st.stm32cube.ide.mcu.externaltools.gnu-tools-for-stm32.13.3.rel1.win32_1.0.0.202411081344/tools/bin/../lib/gcc/arm-none-eabi/13.3.1/../../../../arm-none-eabi/lib/thumb/v7e-m+fp/hard\libc_nano.a(libc_a-init.o)
                0x0800fbc0                __libc_init_array
 .text.atanf    0x0800fc08      0x1a8 C:/ST/STM32CubeIDE_1.19.0/STM32CubeIDE/plugins/com.st.stm32cube.ide.mcu.externaltools.gnu-tools-for-stm32.13.3.rel1.win32_1.0.0.202411081344/tools/bin/../lib/gcc/arm-none-eabi/13.3.1/../../../../arm-none-eabi/lib/thumb/v7e-m+fp/hard\libm.a(libm_a-sf_atan.o)
                0x0800fc08                atanf
 .text.fabsf    0x0800fdb0        0xe C:/ST/STM32CubeIDE_1.19.0/STM32CubeIDE/plugins/com.st.stm32cube.ide.mcu.externaltools.gnu-tools-for-stm32.13.3.rel1.win32_1.0.0.202411081344/tools/bin/../lib/gcc/arm-none-eabi/13.3.1/../../../../arm-none-eabi/lib/thumb/v7e-m+fp/hard\libm.a(libm_a-sf_fabs.o)
                0x0800fdb0                fabsf
 .text.fmaxf    0x0800fdbe       0x3a C:/ST/STM32CubeIDE_1.19.0/STM32CubeIDE/plugins/com.st.stm32cube.ide.mcu.externaltools.gnu-tools-for-stm32.13.3.rel1.win32_1.0.0.202411081344/tools/bin/../lib/gcc/arm-none-eabi/13.3.1/../../../../arm-none-eabi/lib/thumb/v7e-m+fp/hard\libm.a(libm_a-sf_fmax.o)
                0x0800fdbe                fmaxf
 .text.__fpclassifyf
                0x0800fdf8       0x38 C:/ST/STM32CubeIDE_1.19.0/STM32CubeIDE/plugins/com.st.stm32cube.ide.mcu.externaltools.gnu-tools-for-stm32.13.3.rel1.win32_1.0.0.202411081344/tools/bin/../lib/gcc/arm-none-eabi/13.3.1/../../../../arm-none-eabi/lib/thumb/v7e-m+fp/hard\libm.a(libm_a-sf_fpclassify.o)
                0x0800fdf8                __fpclassifyf
 *(.glue_7)
 .glue_7        0x0800fe30        0x0 linker stubs
 *(.glue_7t)
 .glue_7t       0x0800fe30        0x0 linker stubs
 *(.eh_frame)
 .eh_frame      0x0800fe30        0x0 C:/ST/STM32CubeIDE_1.19.0/STM32CubeIDE/plugins/com.st.stm32cube.ide.mcu.externaltools.gnu-tools-for-stm32.13.3.rel1.win32_1.0.0.202411081344/tools/bin/../lib/gcc/arm-none-eabi/13.3.1/thumb/v7e-m+fp/hard/crtbegin.o
 *(.init)
 .init          0x0800fe30        0x4 C:/ST/STM32CubeIDE_1.19.0/STM32CubeIDE/plugins/com.st.stm32cube.ide.mcu.externaltools.gnu-tools-for-stm32.13.3.rel1.win32_1.0.0.202411081344/tools/bin/../lib/gcc/arm-none-eabi/13.3.1/thumb/v7e-m+fp/hard/crti.o
                0x0800fe30                _init
 .init          0x0800fe34        0x8 C:/ST/STM32CubeIDE_1.19.0/STM32CubeIDE/plugins/com.st.stm32cube.ide.mcu.externaltools.gnu-tools-for-stm32.13.3.rel1.win32_1.0.0.202411081344/tools/bin/../lib/gcc/arm-none-eabi/13.3.1/thumb/v7e-m+fp/hard/crtn.o
 *(.fini)
 .fini          0x0800fe3c        0x4 C:/ST/STM32CubeIDE_1.19.0/STM32CubeIDE/plugins/com.st.stm32cube.ide.mcu.externaltools.gnu-tools-for-stm32.13.3.rel1.win32_1.0.0.202411081344/tools/bin/../lib/gcc/arm-none-eabi/13.3.1/thumb/v7e-m+fp/hard/crti.o
                0x0800fe3c                _fini
 .fini          0x0800fe40        0x8 C:/ST/STM32CubeIDE_1.19.0/STM32CubeIDE/plugins/com.st.stm32cube.ide.mcu.externaltools.gnu-tools-for-stm32.13.3.rel1.win32_1.0.0.202411081344/tools/bin/../lib/gcc/arm-none-eabi/13.3.1/thumb/v7e-m+fp/hard/crtn.o
                0x0800fe48                        . = ALIGN (0x4)
                0x0800fe48                        _etext = .

.vfp11_veneer   0x0800fe48        0x0
 .vfp11_veneer  0x0800fe48        0x0 linker stubs

.v4_bx          0x0800fe48        0x0
 .v4_bx         0x0800fe48        0x0 linker stubs

.iplt           0x0800fe48        0x0
 .iplt          0x0800fe48        0x0 C:/ST/STM32CubeIDE_1.19.0/STM32CubeIDE/plugins/com.st.stm32cube.ide.mcu.externaltools.gnu-tools-for-stm32.13.3.rel1.win32_1.0.0.202411081344/tools/bin/../lib/gcc/arm-none-eabi/13.3.1/thumb/v7e-m+fp/hard/crtbegin.o

.rodata         0x0800fe48       0x30
                0x0800fe48                        . = ALIGN (0x4)
 *(.rodata)
 *(.rodata*)
 .rodata.AHBPrescTable
                0x0800fe48       0x10 ./Core/Src/system_stm32g4xx.o
                0x0800fe48                AHBPrescTable
 .rodata.atanlo
                0x0800fe58       0x10 C:/ST/STM32CubeIDE_1.19.0/STM32CubeIDE/plugins/com.st.stm32cube.ide.mcu.externaltools.gnu-tools-for-stm32.13.3.rel1.win32_1.0.0.202411081344/tools/bin/../lib/gcc/arm-none-eabi/13.3.1/../../../../arm-none-eabi/lib/thumb/v7e-m+fp/hard\libm.a(libm_a-sf_atan.o)
 .rodata.atanhi
                0x0800fe68       0x10 C:/ST/STM32CubeIDE_1.19.0/STM32CubeIDE/plugins/com.st.stm32cube.ide.mcu.externaltools.gnu-tools-for-stm32.13.3.rel1.win32_1.0.0.202411081344/tools/bin/../lib/gcc/arm-none-eabi/13.3.1/../../../../arm-none-eabi/lib/thumb/v7e-m+fp/hard\libm.a(libm_a-sf_atan.o)
                0x0800fe78                        . = ALIGN (0x4)

.ARM.extab      0x0800fe78        0x0
                0x0800fe78                        . = ALIGN (0x4)
 *(.ARM.extab* .gnu.linkonce.armextab.*)
                0x0800fe78                        . = ALIGN (0x4)

.ARM            0x0800fe78        0x0
                0x0800fe78                        . = ALIGN (0x4)
                0x0800fe78                        __exidx_start = .
 *(.ARM.exidx*)
                0x0800fe78                        __exidx_end = .
                0x0800fe78                        . = ALIGN (0x4)

.preinit_array  0x0800fe78        0x0
                0x0800fe78                        . = ALIGN (0x4)
                0x0800fe78                        PROVIDE (__preinit_array_start = .)
 *(.preinit_array*)
                0x0800fe78                        PROVIDE (__preinit_array_end = .)
                0x0800fe78                        . = ALIGN (0x4)

.init_array     0x0800fe78        0x4
                0x0800fe78                        . = ALIGN (0x4)
                0x0800fe78                        PROVIDE (__init_array_start = .)
 *(SORT_BY_NAME(.init_array.*))
 *(.init_array*)
 .init_array    0x0800fe78        0x4 C:/ST/STM32CubeIDE_1.19.0/STM32CubeIDE/plugins/com.st.stm32cube.ide.mcu.externaltools.gnu-tools-for-stm32.13.3.rel1.win32_1.0.0.202411081344/tools/bin/../lib/gcc/arm-none-eabi/13.3.1/thumb/v7e-m+fp/hard/crtbegin.o
                0x0800fe7c                        PROVIDE (__init_array_end = .)
                0x0800fe7c                        . = ALIGN (0x4)

.fini_array     0x0800fe7c        0x4
                0x0800fe7c                        . = ALIGN (0x4)
                [!provide]                        PROVIDE (__fini_array_start = .)
 *(SORT_BY_NAME(.fini_array.*))
 *(.fini_array*)
 .fini_array    0x0800fe7c        0x4 C:/ST/STM32CubeIDE_1.19.0/STM32CubeIDE/plugins/com.st.stm32cube.ide.mcu.externaltools.gnu-tools-for-stm32.13.3.rel1.win32_1.0.0.202411081344/tools/bin/../lib/gcc/arm-none-eabi/13.3.1/thumb/v7e-m+fp/hard/crtbegin.o
                [!provide]                        PROVIDE (__fini_array_end = .)
                0x0800fe80                        . = ALIGN (0x4)
                0x0800fe80                        _sidata = LOADADDR (.data)

.rel.dyn        0x0800fe80        0x0
 .rel.iplt      0x0800fe80        0x0 C:/ST/STM32CubeIDE_1.19.0/STM32CubeIDE/plugins/com.st.stm32cube.ide.mcu.externaltools.gnu-tools-for-stm32.13.3.rel1.win32_1.0.0.202411081344/tools/bin/../lib/gcc/arm-none-eabi/13.3.1/thumb/v7e-m+fp/hard/crtbegin.o

.data           0x20000000       0x4c load address 0x0800fe80
                0x20000000                        . = ALIGN (0x4)
                0x20000000                        _sdata = .
 *(.data)
 *(.data*)
 .data.ADC1_Offset
                0x20000000        0xc ./Core/Src/adc.o
                0x20000000                ADC1_Offset
 .data.scale_comp
                0x2000000c        0x4 ./Core/Src/adc.o
                0x2000000c                scale_comp
 .data.ADCgain  0x20000010       0x10 ./Core/Src/adc.o
                0x20000010                ADCgain
 .data.FLAG     0x20000020       0x1e ./Core/Src/flag.o
                0x20000020                FLAG
 *fill*         0x2000003e        0x2 
 .data.SystemCoreClock
                0x20000040        0x4 ./Core/Src/system_stm32g4xx.o
                0x20000040                SystemCoreClock
 .data.uwTickPrio
                0x20000044        0x4 ./Drivers/STM32G4xx_HAL_Driver/Src/stm32g4xx_hal.o
                0x20000044                uwTickPrio
 .data.uwTickFreq
                0x20000048        0x4 ./Drivers/STM32G4xx_HAL_Driver/Src/stm32g4xx_hal.o
                0x20000048                uwTickFreq
 *(.RamFunc)
 *(.RamFunc*)
                0x2000004c                        . = ALIGN (0x4)
                0x2000004c                        _edata = .

.igot.plt       0x2000004c        0x0 load address 0x0800fecc
 .igot.plt      0x2000004c        0x0 C:/ST/STM32CubeIDE_1.19.0/STM32CubeIDE/plugins/com.st.stm32cube.ide.mcu.externaltools.gnu-tools-for-stm32.13.3.rel1.win32_1.0.0.202411081344/tools/bin/../lib/gcc/arm-none-eabi/13.3.1/thumb/v7e-m+fp/hard/crtbegin.o
                0x2000004c                        . = ALIGN (0x4)

.bss            0x2000004c     0x35f0 load address 0x0800fecc
                0x2000004c                        _sbss = .
                0x2000004c                        __bss_start__ = _sbss
 *(.bss)
 .bss           0x2000004c       0x1c C:/ST/STM32CubeIDE_1.19.0/STM32CubeIDE/plugins/com.st.stm32cube.ide.mcu.externaltools.gnu-tools-for-stm32.13.3.rel1.win32_1.0.0.202411081344/tools/bin/../lib/gcc/arm-none-eabi/13.3.1/thumb/v7e-m+fp/hard/crtbegin.o
 *(.bss*)
 .bss.AdInitFlag
                0x20000068        0x4 ./Core/Src/adc.o
                0x20000068                AdInitFlag
 .bss.adc1Val   0x2000006c       0x10 ./Core/Src/adc.o
                0x2000006c                adc1Val
 .bss.ADC1_Result
                0x2000007c       0x10 ./Core/Src/adc.o
                0x2000007c                ADC1_Result
 .bss.ADC1_Offset_sum
                0x2000008c        0xc ./Core/Src/adc.o
                0x2000008c                ADC1_Offset_sum
 .bss.Ia_arr    0x20000098     0x2ee0 ./Core/Src/adc.o
                0x20000098                Ia_arr
 .bss.store_cnt
                0x20002f78        0x4 ./Core/Src/adc.o
                0x20002f78                store_cnt
 .bss.store_flag
                0x20002f7c        0x4 ./Core/Src/adc.o
                0x20002f7c                store_flag
 .bss.AdOffCalcCnt
                0x20002f80        0x4 ./Core/Src/adc.o
                0x20002f80                AdOffCalcCnt
 .bss.hadc1     0x20002f84       0x6c ./Core/Src/adc.o
                0x20002f84                hadc1
 .bss.AdDummyCnt.0
                0x20002ff0        0x4 ./Core/Src/adc.o
 .bss.ControlCnt
                0x20002ff4        0x4 ./Core/Src/control.o
                0x20002ff4                ControlCnt
 .bss.FaultCnt  0x20002ff8        0x2 ./Core/Src/fault.o
                0x20002ff8                FaultCnt
 *fill*         0x20002ffa        0x2 
 .bss.FLTVAL    0x20002ffc       0x18 ./Core/Src/fault.o
                0x20002ffc                FLTVAL
 .bss.hhrtim1   0x20003014       0xfc ./Core/Src/hrtim.o
                0x20003014                hhrtim1
 .bss.INV       0x20003110      0x3a8 ./Core/Src/inv.o
                0x20003110                INV
 .bss.Mode_align
                0x200034b8        0x4 ./Core/Src/inv.o
                0x200034b8                Mode_align
 .bss.Time_align
                0x200034bc        0x4 ./Core/Src/inv.o
                0x200034bc                Time_align
 .bss.cnt_inj   0x200034c0        0x4 ./Core/Src/inv.o
                0x200034c0                cnt_inj
 .bss.dutyCycle
                0x200034c4        0x4 ./Core/Src/main.o
                0x200034c4                dutyCycle
 .bss.EXT_1     0x200034c8       0xb8 ./Core/Src/speed_observer.o
                0x200034c8                EXT_1
 .bss.tim2_cnt  0x20003580        0x4 ./Core/Src/stm32g4xx_it.o
                0x20003580                tim2_cnt
 .bss.htim2     0x20003584       0x4c ./Core/Src/tim.o
                0x20003584                htim2
 .bss.htim3     0x200035d0       0x4c ./Core/Src/tim.o
                0x200035d0                htim3
 .bss.Align_done
                0x2000361c        0x4 ./Core/Src/variable.o
                0x2000361c                Align_done
 .bss.Theta_mode
                0x20003620        0x4 ./Core/Src/variable.o
                0x20003620                Theta_mode
 .bss.Van       0x20003624        0x4 ./Core/Src/variable.o
                0x20003624                Van
 .bss.Vbn       0x20003628        0x4 ./Core/Src/variable.o
                0x20003628                Vbn
 .bss.Vcn       0x2000362c        0x4 ./Core/Src/variable.o
                0x2000362c                Vcn
 .bss.Vdss_ref_set
                0x20003630        0x4 ./Core/Src/variable.o
                0x20003630                Vdss_ref_set
 .bss.Vqss_ref_set
                0x20003634        0x4 ./Core/Src/variable.o
                0x20003634                Vqss_ref_set
 .bss.uwTick    0x20003638        0x4 ./Drivers/STM32G4xx_HAL_Driver/Src/stm32g4xx_hal.o
                0x20003638                uwTick
 *(COMMON)
                0x2000363c                        . = ALIGN (0x4)
                0x2000363c                        _ebss = .
                0x2000363c                        __bss_end__ = _ebss

._user_heap_stack
                0x2000363c      0x604 load address 0x0800fecc
                0x20003640                        . = ALIGN (0x8)
 *fill*         0x2000363c        0x4 
                [!provide]                        PROVIDE (end = .)
                0x20003640                        PROVIDE (_end = .)
                0x20003840                        . = (. + _Min_Heap_Size)
 *fill*         0x20003640      0x200 
                0x20003c40                        . = (. + _Min_Stack_Size)
 *fill*         0x20003840      0x400 
                0x20003c40                        . = ALIGN (0x8)

/DISCARD/
 libc.a(*)
 libm.a(*)
 libgcc.a(*)

.ARM.attributes
                0x00000000       0x30
 *(.ARM.attributes)
 .ARM.attributes
                0x00000000       0x22 C:/ST/STM32CubeIDE_1.19.0/STM32CubeIDE/plugins/com.st.stm32cube.ide.mcu.externaltools.gnu-tools-for-stm32.13.3.rel1.win32_1.0.0.202411081344/tools/bin/../lib/gcc/arm-none-eabi/13.3.1/thumb/v7e-m+fp/hard/crti.o
 .ARM.attributes
                0x00000022       0x34 C:/ST/STM32CubeIDE_1.19.0/STM32CubeIDE/plugins/com.st.stm32cube.ide.mcu.externaltools.gnu-tools-for-stm32.13.3.rel1.win32_1.0.0.202411081344/tools/bin/../lib/gcc/arm-none-eabi/13.3.1/thumb/v7e-m+fp/hard/crtbegin.o
 .ARM.attributes
                0x00000056       0x34 ./Core/Src/adc.o
 .ARM.attributes
                0x0000008a       0x34 ./Core/Src/control.o
 .ARM.attributes
                0x000000be       0x34 ./Core/Src/fault.o
 .ARM.attributes
                0x000000f2       0x34 ./Core/Src/flag.o
 .ARM.attributes
                0x00000126       0x34 ./Core/Src/gpio.o
 .ARM.attributes
                0x0000015a       0x34 ./Core/Src/hrtim.o
 .ARM.attributes
                0x0000018e       0x34 ./Core/Src/inv.o
 .ARM.attributes
                0x000001c2       0x34 ./Core/Src/main.o
 .ARM.attributes
                0x000001f6       0x34 ./Core/Src/speed_observer.o
 .ARM.attributes
                0x0000022a       0x34 ./Core/Src/stm32g4xx_hal_msp.o
 .ARM.attributes
                0x0000025e       0x34 ./Core/Src/stm32g4xx_it.o
 .ARM.attributes
                0x00000292       0x34 ./Core/Src/system_stm32g4xx.o
 .ARM.attributes
                0x000002c6       0x34 ./Core/Src/tim.o
 .ARM.attributes
                0x000002fa       0x34 ./Core/Src/variable.o
 .ARM.attributes
                0x0000032e       0x21 ./Core/Startup/startup_stm32g474retx.o
 .ARM.attributes
                0x0000034f       0x34 ./Drivers/STM32G4xx_HAL_Driver/Src/stm32g4xx_hal.o
 .ARM.attributes
                0x00000383       0x34 ./Drivers/STM32G4xx_HAL_Driver/Src/stm32g4xx_hal_adc.o
 .ARM.attributes
                0x000003b7       0x34 ./Drivers/STM32G4xx_HAL_Driver/Src/stm32g4xx_hal_adc_ex.o
 .ARM.attributes
                0x000003eb       0x34 ./Drivers/STM32G4xx_HAL_Driver/Src/stm32g4xx_hal_cortex.o
 .ARM.attributes
                0x0000041f       0x34 ./Drivers/STM32G4xx_HAL_Driver/Src/stm32g4xx_hal_gpio.o
 .ARM.attributes
                0x00000453       0x34 ./Drivers/STM32G4xx_HAL_Driver/Src/stm32g4xx_hal_hrtim.o
 .ARM.attributes
                0x00000487       0x34 ./Drivers/STM32G4xx_HAL_Driver/Src/stm32g4xx_hal_pwr_ex.o
 .ARM.attributes
                0x000004bb       0x34 ./Drivers/STM32G4xx_HAL_Driver/Src/stm32g4xx_hal_rcc.o
 .ARM.attributes
                0x000004ef       0x34 ./Drivers/STM32G4xx_HAL_Driver/Src/stm32g4xx_hal_rcc_ex.o
 .ARM.attributes
                0x00000523       0x34 ./Drivers/STM32G4xx_HAL_Driver/Src/stm32g4xx_hal_tim.o
 .ARM.attributes
                0x00000557       0x34 ./Drivers/STM32G4xx_HAL_Driver/Src/stm32g4xx_hal_tim_ex.o
 .ARM.attributes
                0x0000058b       0x34 C:/ST/STM32CubeIDE_1.19.0/STM32CubeIDE/plugins/com.st.stm32cube.ide.mcu.externaltools.gnu-tools-for-stm32.13.3.rel1.win32_1.0.0.202411081344/tools/bin/../lib/gcc/arm-none-eabi/13.3.1/../../../../arm-none-eabi/lib/thumb/v7e-m+fp/hard\libc_nano.a(libc_a-memset.o)
 .ARM.attributes
                0x000005bf       0x34 C:/ST/STM32CubeIDE_1.19.0/STM32CubeIDE/plugins/com.st.stm32cube.ide.mcu.externaltools.gnu-tools-for-stm32.13.3.rel1.win32_1.0.0.202411081344/tools/bin/../lib/gcc/arm-none-eabi/13.3.1/../../../../arm-none-eabi/lib/thumb/v7e-m+fp/hard\libc_nano.a(libc_a-init.o)
 .ARM.attributes
                0x000005f3       0x34 C:/ST/STM32CubeIDE_1.19.0/STM32CubeIDE/plugins/com.st.stm32cube.ide.mcu.externaltools.gnu-tools-for-stm32.13.3.rel1.win32_1.0.0.202411081344/tools/bin/../lib/gcc/arm-none-eabi/13.3.1/../../../../arm-none-eabi/lib/thumb/v7e-m+fp/hard\libm.a(libm_a-sf_atan.o)
 .ARM.attributes
                0x00000627       0x34 C:/ST/STM32CubeIDE_1.19.0/STM32CubeIDE/plugins/com.st.stm32cube.ide.mcu.externaltools.gnu-tools-for-stm32.13.3.rel1.win32_1.0.0.202411081344/tools/bin/../lib/gcc/arm-none-eabi/13.3.1/../../../../arm-none-eabi/lib/thumb/v7e-m+fp/hard\libm.a(libm_a-sf_fabs.o)
 .ARM.attributes
                0x0000065b       0x34 C:/ST/STM32CubeIDE_1.19.0/STM32CubeIDE/plugins/com.st.stm32cube.ide.mcu.externaltools.gnu-tools-for-stm32.13.3.rel1.win32_1.0.0.202411081344/tools/bin/../lib/gcc/arm-none-eabi/13.3.1/../../../../arm-none-eabi/lib/thumb/v7e-m+fp/hard\libm.a(libm_a-sf_fmax.o)
 .ARM.attributes
                0x0000068f       0x34 C:/ST/STM32CubeIDE_1.19.0/STM32CubeIDE/plugins/com.st.stm32cube.ide.mcu.externaltools.gnu-tools-for-stm32.13.3.rel1.win32_1.0.0.202411081344/tools/bin/../lib/gcc/arm-none-eabi/13.3.1/../../../../arm-none-eabi/lib/thumb/v7e-m+fp/hard\libm.a(libm_a-sf_fpclassify.o)
 .ARM.attributes
                0x000006c3       0x22 C:/ST/STM32CubeIDE_1.19.0/STM32CubeIDE/plugins/com.st.stm32cube.ide.mcu.externaltools.gnu-tools-for-stm32.13.3.rel1.win32_1.0.0.202411081344/tools/bin/../lib/gcc/arm-none-eabi/13.3.1/thumb/v7e-m+fp/hard\libgcc.a(_arm_muldf3.o)
 .ARM.attributes
                0x000006e5       0x22 C:/ST/STM32CubeIDE_1.19.0/STM32CubeIDE/plugins/com.st.stm32cube.ide.mcu.externaltools.gnu-tools-for-stm32.13.3.rel1.win32_1.0.0.202411081344/tools/bin/../lib/gcc/arm-none-eabi/13.3.1/thumb/v7e-m+fp/hard\libgcc.a(_arm_addsubdf3.o)
 .ARM.attributes
                0x00000707       0x22 C:/ST/STM32CubeIDE_1.19.0/STM32CubeIDE/plugins/com.st.stm32cube.ide.mcu.externaltools.gnu-tools-for-stm32.13.3.rel1.win32_1.0.0.202411081344/tools/bin/../lib/gcc/arm-none-eabi/13.3.1/thumb/v7e-m+fp/hard\libgcc.a(_arm_cmpdf2.o)
 .ARM.attributes
                0x00000729       0x22 C:/ST/STM32CubeIDE_1.19.0/STM32CubeIDE/plugins/com.st.stm32cube.ide.mcu.externaltools.gnu-tools-for-stm32.13.3.rel1.win32_1.0.0.202411081344/tools/bin/../lib/gcc/arm-none-eabi/13.3.1/thumb/v7e-m+fp/hard\libgcc.a(_arm_fixdfsi.o)
 .ARM.attributes
                0x0000074b       0x22 C:/ST/STM32CubeIDE_1.19.0/STM32CubeIDE/plugins/com.st.stm32cube.ide.mcu.externaltools.gnu-tools-for-stm32.13.3.rel1.win32_1.0.0.202411081344/tools/bin/../lib/gcc/arm-none-eabi/13.3.1/thumb/v7e-m+fp/hard\libgcc.a(_arm_truncdfsf2.o)
 .ARM.attributes
                0x0000076d       0x22 C:/ST/STM32CubeIDE_1.19.0/STM32CubeIDE/plugins/com.st.stm32cube.ide.mcu.externaltools.gnu-tools-for-stm32.13.3.rel1.win32_1.0.0.202411081344/tools/bin/../lib/gcc/arm-none-eabi/13.3.1/thumb/v7e-m+fp/hard/crtn.o
OUTPUT(RC_Driver.elf elf32-littlearm)
LOAD linker stubs
LOAD C:/ST/STM32CubeIDE_1.19.0/STM32CubeIDE/plugins/com.st.stm32cube.ide.mcu.externaltools.gnu-tools-for-stm32.13.3.rel1.win32_1.0.0.202411081344/tools/bin/../lib/gcc/arm-none-eabi/13.3.1/../../../../arm-none-eabi/lib/thumb/v7e-m+fp/hard\libc.a
LOAD C:/ST/STM32CubeIDE_1.19.0/STM32CubeIDE/plugins/com.st.stm32cube.ide.mcu.externaltools.gnu-tools-for-stm32.13.3.rel1.win32_1.0.0.202411081344/tools/bin/../lib/gcc/arm-none-eabi/13.3.1/../../../../arm-none-eabi/lib/thumb/v7e-m+fp/hard\libm.a
LOAD C:/ST/STM32CubeIDE_1.19.0/STM32CubeIDE/plugins/com.st.stm32cube.ide.mcu.externaltools.gnu-tools-for-stm32.13.3.rel1.win32_1.0.0.202411081344/tools/bin/../lib/gcc/arm-none-eabi/13.3.1/thumb/v7e-m+fp/hard\libgcc.a

.debug_info     0x00000000    0x1ddb3
 .debug_info    0x00000000     0x1f50 ./Core/Src/adc.o
 .debug_info    0x00001f50     0x15d1 ./Core/Src/control.o
 .debug_info    0x00003521      0xcb9 ./Core/Src/fault.o
 .debug_info    0x000041da      0x15c ./Core/Src/flag.o
 .debug_info    0x00004336      0x486 ./Core/Src/gpio.o
 .debug_info    0x000047bc     0x1a25 ./Core/Src/hrtim.o
 .debug_info    0x000061e1     0x1ec4 ./Core/Src/inv.o
 .debug_info    0x000080a5     0x1c99 ./Core/Src/main.o
 .debug_info    0x00009d3e      0x64a ./Core/Src/speed_observer.o
 .debug_info    0x0000a388      0x2e1 ./Core/Src/stm32g4xx_hal_msp.o
 .debug_info    0x0000a669     0x140b ./Core/Src/stm32g4xx_it.o
 .debug_info    0x0000ba74      0x58e ./Core/Src/system_stm32g4xx.o
 .debug_info    0x0000c002     0x1334 ./Core/Src/tim.o
 .debug_info    0x0000d336      0x10b ./Core/Src/variable.o
 .debug_info    0x0000d441       0x30 ./Core/Startup/startup_stm32g474retx.o
 .debug_info    0x0000d471      0xb95 ./Drivers/STM32G4xx_HAL_Driver/Src/stm32g4xx_hal.o
 .debug_info    0x0000e006     0x2063 ./Drivers/STM32G4xx_HAL_Driver/Src/stm32g4xx_hal_adc.o
 .debug_info    0x00010069     0x1d80 ./Drivers/STM32G4xx_HAL_Driver/Src/stm32g4xx_hal_adc_ex.o
 .debug_info    0x00011de9      0xdf9 ./Drivers/STM32G4xx_HAL_Driver/Src/stm32g4xx_hal_cortex.o
 .debug_info    0x00012be2      0x763 ./Drivers/STM32G4xx_HAL_Driver/Src/stm32g4xx_hal_gpio.o
 .debug_info    0x00013345     0x3f23 ./Drivers/STM32G4xx_HAL_Driver/Src/stm32g4xx_hal_hrtim.o
 .debug_info    0x00017268      0x93f ./Drivers/STM32G4xx_HAL_Driver/Src/stm32g4xx_hal_pwr_ex.o
 .debug_info    0x00017ba7      0xbe0 ./Drivers/STM32G4xx_HAL_Driver/Src/stm32g4xx_hal_rcc.o
 .debug_info    0x00018787      0xc45 ./Drivers/STM32G4xx_HAL_Driver/Src/stm32g4xx_hal_rcc_ex.o
 .debug_info    0x000193cc     0x2c52 ./Drivers/STM32G4xx_HAL_Driver/Src/stm32g4xx_hal_tim.o
 .debug_info    0x0001c01e     0x1d95 ./Drivers/STM32G4xx_HAL_Driver/Src/stm32g4xx_hal_tim_ex.o

.debug_abbrev   0x00000000     0x3435
 .debug_abbrev  0x00000000      0x2b4 ./Core/Src/adc.o
 .debug_abbrev  0x000002b4      0x239 ./Core/Src/control.o
 .debug_abbrev  0x000004ed      0x178 ./Core/Src/fault.o
 .debug_abbrev  0x00000665       0x7d ./Core/Src/flag.o
 .debug_abbrev  0x000006e2      0x152 ./Core/Src/gpio.o
 .debug_abbrev  0x00000834      0x22b ./Core/Src/hrtim.o
 .debug_abbrev  0x00000a5f      0x306 ./Core/Src/inv.o
 .debug_abbrev  0x00000d65      0x2ac ./Core/Src/main.o
 .debug_abbrev  0x00001011      0x124 ./Core/Src/speed_observer.o
 .debug_abbrev  0x00001135       0xd9 ./Core/Src/stm32g4xx_hal_msp.o
 .debug_abbrev  0x0000120e      0x1fd ./Core/Src/stm32g4xx_it.o
 .debug_abbrev  0x0000140b      0x11a ./Core/Src/system_stm32g4xx.o
 .debug_abbrev  0x00001525      0x244 ./Core/Src/tim.o
 .debug_abbrev  0x00001769       0x51 ./Core/Src/variable.o
 .debug_abbrev  0x000017ba       0x24 ./Core/Startup/startup_stm32g474retx.o
 .debug_abbrev  0x000017de      0x271 ./Drivers/STM32G4xx_HAL_Driver/Src/stm32g4xx_hal.o
 .debug_abbrev  0x00001a4f      0x2d3 ./Drivers/STM32G4xx_HAL_Driver/Src/stm32g4xx_hal_adc.o
 .debug_abbrev  0x00001d22      0x2ee ./Drivers/STM32G4xx_HAL_Driver/Src/stm32g4xx_hal_adc_ex.o
 .debug_abbrev  0x00002010      0x31c ./Drivers/STM32G4xx_HAL_Driver/Src/stm32g4xx_hal_cortex.o
 .debug_abbrev  0x0000232c      0x1cb ./Drivers/STM32G4xx_HAL_Driver/Src/stm32g4xx_hal_gpio.o
 .debug_abbrev  0x000024f7      0x285 ./Drivers/STM32G4xx_HAL_Driver/Src/stm32g4xx_hal_hrtim.o
 .debug_abbrev  0x0000277c      0x22c ./Drivers/STM32G4xx_HAL_Driver/Src/stm32g4xx_hal_pwr_ex.o
 .debug_abbrev  0x000029a8      0x2c9 ./Drivers/STM32G4xx_HAL_Driver/Src/stm32g4xx_hal_rcc.o
 .debug_abbrev  0x00002c71      0x258 ./Drivers/STM32G4xx_HAL_Driver/Src/stm32g4xx_hal_rcc_ex.o
 .debug_abbrev  0x00002ec9      0x2a7 ./Drivers/STM32G4xx_HAL_Driver/Src/stm32g4xx_hal_tim.o
 .debug_abbrev  0x00003170      0x2c5 ./Drivers/STM32G4xx_HAL_Driver/Src/stm32g4xx_hal_tim_ex.o

.debug_aranges  0x00000000     0x1798
 .debug_aranges
                0x00000000       0x40 ./Core/Src/adc.o
 .debug_aranges
                0x00000040       0x20 ./Core/Src/control.o
 .debug_aranges
                0x00000060       0x30 ./Core/Src/fault.o
 .debug_aranges
                0x00000090       0x18 ./Core/Src/flag.o
 .debug_aranges
                0x000000a8       0x20 ./Core/Src/gpio.o
 .debug_aranges
                0x000000c8       0x40 ./Core/Src/hrtim.o
 .debug_aranges
                0x00000108       0xc0 ./Core/Src/inv.o
 .debug_aranges
                0x000001c8       0x30 ./Core/Src/main.o
 .debug_aranges
                0x000001f8       0x40 ./Core/Src/speed_observer.o
 .debug_aranges
                0x00000238       0x20 ./Core/Src/stm32g4xx_hal_msp.o
 .debug_aranges
                0x00000258       0x78 ./Core/Src/stm32g4xx_it.o
 .debug_aranges
                0x000002d0       0x28 ./Core/Src/system_stm32g4xx.o
 .debug_aranges
                0x000002f8       0x48 ./Core/Src/tim.o
 .debug_aranges
                0x00000340       0x18 ./Core/Src/variable.o
 .debug_aranges
                0x00000358       0x28 ./Core/Startup/startup_stm32g474retx.o
 .debug_aranges
                0x00000380      0x148 ./Drivers/STM32G4xx_HAL_Driver/Src/stm32g4xx_hal.o
 .debug_aranges
                0x000004c8      0x248 ./Drivers/STM32G4xx_HAL_Driver/Src/stm32g4xx_hal_adc.o
 .debug_aranges
                0x00000710      0x1c0 ./Drivers/STM32G4xx_HAL_Driver/Src/stm32g4xx_hal_adc_ex.o
 .debug_aranges
                0x000008d0      0x128 ./Drivers/STM32G4xx_HAL_Driver/Src/stm32g4xx_hal_cortex.o
 .debug_aranges
                0x000009f8       0x58 ./Drivers/STM32G4xx_HAL_Driver/Src/stm32g4xx_hal_gpio.o
 .debug_aranges
                0x00000a50      0x4a0 ./Drivers/STM32G4xx_HAL_Driver/Src/stm32g4xx_hal_hrtim.o
 .debug_aranges
                0x00000ef0      0x140 ./Drivers/STM32G4xx_HAL_Driver/Src/stm32g4xx_hal_pwr_ex.o
 .debug_aranges
                0x00001030       0x98 ./Drivers/STM32G4xx_HAL_Driver/Src/stm32g4xx_hal_rcc.o
 .debug_aranges
                0x000010c8       0xb0 ./Drivers/STM32G4xx_HAL_Driver/Src/stm32g4xx_hal_rcc_ex.o
 .debug_aranges
                0x00001178      0x3e0 ./Drivers/STM32G4xx_HAL_Driver/Src/stm32g4xx_hal_tim.o
 .debug_aranges
                0x00001558      0x240 ./Drivers/STM32G4xx_HAL_Driver/Src/stm32g4xx_hal_tim_ex.o

.debug_rnglists
                0x00000000     0x1227
 .debug_rnglists
                0x00000000       0x2f ./Core/Src/adc.o
 .debug_rnglists
                0x0000002f       0x14 ./Core/Src/control.o
 .debug_rnglists
                0x00000043       0x1f ./Core/Src/fault.o
 .debug_rnglists
                0x00000062       0x14 ./Core/Src/gpio.o
 .debug_rnglists
                0x00000076       0x2d ./Core/Src/hrtim.o
 .debug_rnglists
                0x000000a3       0x9d ./Core/Src/inv.o
 .debug_rnglists
                0x00000140       0x21 ./Core/Src/main.o
 .debug_rnglists
                0x00000161       0x30 ./Core/Src/speed_observer.o
 .debug_rnglists
                0x00000191       0x13 ./Core/Src/stm32g4xx_hal_msp.o
 .debug_rnglists
                0x000001a4       0x55 ./Core/Src/stm32g4xx_it.o
 .debug_rnglists
                0x000001f9       0x1a ./Core/Src/system_stm32g4xx.o
 .debug_rnglists
                0x00000213       0x34 ./Core/Src/tim.o
 .debug_rnglists
                0x00000247       0x19 ./Core/Startup/startup_stm32g474retx.o
 .debug_rnglists
                0x00000260       0xf1 ./Drivers/STM32G4xx_HAL_Driver/Src/stm32g4xx_hal.o
 .debug_rnglists
                0x00000351      0x1c0 ./Drivers/STM32G4xx_HAL_Driver/Src/stm32g4xx_hal_adc.o
 .debug_rnglists
                0x00000511      0x15a ./Drivers/STM32G4xx_HAL_Driver/Src/stm32g4xx_hal_adc_ex.o
 .debug_rnglists
                0x0000066b       0xda ./Drivers/STM32G4xx_HAL_Driver/Src/stm32g4xx_hal_cortex.o
 .debug_rnglists
                0x00000745       0x3f ./Drivers/STM32G4xx_HAL_Driver/Src/stm32g4xx_hal_gpio.o
 .debug_rnglists
                0x00000784      0x3c3 ./Drivers/STM32G4xx_HAL_Driver/Src/stm32g4xx_hal_hrtim.o
 .debug_rnglists
                0x00000b47       0xf1 ./Drivers/STM32G4xx_HAL_Driver/Src/stm32g4xx_hal_pwr_ex.o
 .debug_rnglists
                0x00000c38       0x74 ./Drivers/STM32G4xx_HAL_Driver/Src/stm32g4xx_hal_rcc.o
 .debug_rnglists
                0x00000cac       0x87 ./Drivers/STM32G4xx_HAL_Driver/Src/stm32g4xx_hal_rcc_ex.o
 .debug_rnglists
                0x00000d33      0x328 ./Drivers/STM32G4xx_HAL_Driver/Src/stm32g4xx_hal_tim.o
 .debug_rnglists
                0x0000105b      0x1cc ./Drivers/STM32G4xx_HAL_Driver/Src/stm32g4xx_hal_tim_ex.o

.debug_macro    0x00000000    0x2b0e4
 .debug_macro   0x00000000      0x259 ./Core/Src/adc.o
 .debug_macro   0x00000259      0xad8 ./Core/Src/adc.o
 .debug_macro   0x00000d31      0x161 ./Core/Src/adc.o
 .debug_macro   0x00000e92       0x2e ./Core/Src/adc.o
 .debug_macro   0x00000ec0       0x28 ./Core/Src/adc.o
 .debug_macro   0x00000ee8       0x22 ./Core/Src/adc.o
 .debug_macro   0x00000f0a       0x8e ./Core/Src/adc.o
 .debug_macro   0x00000f98       0x51 ./Core/Src/adc.o
 .debug_macro   0x00000fe9      0x103 ./Core/Src/adc.o
 .debug_macro   0x000010ec       0x6a ./Core/Src/adc.o
 .debug_macro   0x00001156      0x1df ./Core/Src/adc.o
 .debug_macro   0x00001335       0x1c ./Core/Src/adc.o
 .debug_macro   0x00001351       0x22 ./Core/Src/adc.o
 .debug_macro   0x00001373       0xfb ./Core/Src/adc.o
 .debug_macro   0x0000146e     0x1011 ./Core/Src/adc.o
 .debug_macro   0x0000247f      0x11f ./Core/Src/adc.o
 .debug_macro   0x0000259e    0x18b8c ./Core/Src/adc.o
 .debug_macro   0x0001b12a       0x6d ./Core/Src/adc.o
 .debug_macro   0x0001b197     0x3558 ./Core/Src/adc.o
 .debug_macro   0x0001e6ef      0x190 ./Core/Src/adc.o
 .debug_macro   0x0001e87f       0x5c ./Core/Src/adc.o
 .debug_macro   0x0001e8db     0x171f ./Core/Src/adc.o
 .debug_macro   0x0001fffa      0x600 ./Core/Src/adc.o
 .debug_macro   0x000205fa      0x1b6 ./Core/Src/adc.o
 .debug_macro   0x000207b0      0x34a ./Core/Src/adc.o
 .debug_macro   0x00020afa      0x53c ./Core/Src/adc.o
 .debug_macro   0x00021036      0x18b ./Core/Src/adc.o
 .debug_macro   0x000211c1       0x43 ./Core/Src/adc.o
 .debug_macro   0x00021204      0x23d ./Core/Src/adc.o
 .debug_macro   0x00021441     0x1112 ./Core/Src/adc.o
 .debug_macro   0x00022553      0x72e ./Core/Src/adc.o
 .debug_macro   0x00022c81      0x391 ./Core/Src/adc.o
 .debug_macro   0x00023012      0x211 ./Core/Src/adc.o
 .debug_macro   0x00023223      0x45c ./Core/Src/adc.o
 .debug_macro   0x0002367f      0x11c ./Core/Src/adc.o
 .debug_macro   0x0002379b     0x20a8 ./Core/Src/adc.o
 .debug_macro   0x00025843      0x122 ./Core/Src/adc.o
 .debug_macro   0x00025965      0x3d1 ./Core/Src/adc.o
 .debug_macro   0x00025d36      0xc0b ./Core/Src/adc.o
 .debug_macro   0x00026941      0x718 ./Core/Src/adc.o
 .debug_macro   0x00027059      0x358 ./Core/Src/adc.o
 .debug_macro   0x000273b1      0x16c ./Core/Src/adc.o
 .debug_macro   0x0002751d       0x10 ./Core/Src/adc.o
 .debug_macro   0x0002752d      0x253 ./Core/Src/control.o
 .debug_macro   0x00027780      0x245 ./Core/Src/fault.o
 .debug_macro   0x000279c5      0x239 ./Core/Src/flag.o
 .debug_macro   0x00027bfe      0x23f ./Core/Src/gpio.o
 .debug_macro   0x00027e3d      0x23f ./Core/Src/hrtim.o
 .debug_macro   0x0002807c      0x2fa ./Core/Src/inv.o
 .debug_macro   0x00028376       0x61 ./Core/Src/inv.o
 .debug_macro   0x000283d7       0x2a ./Core/Src/inv.o
 .debug_macro   0x00028401       0x43 ./Core/Src/inv.o
 .debug_macro   0x00028444       0x34 ./Core/Src/inv.o
 .debug_macro   0x00028478      0x370 ./Core/Src/inv.o
 .debug_macro   0x000287e8       0x16 ./Core/Src/inv.o
 .debug_macro   0x000287fe       0x4a ./Core/Src/inv.o
 .debug_macro   0x00028848       0x34 ./Core/Src/inv.o
 .debug_macro   0x0002887c       0x10 ./Core/Src/inv.o
 .debug_macro   0x0002888c       0x58 ./Core/Src/inv.o
 .debug_macro   0x000288e4       0x8e ./Core/Src/inv.o
 .debug_macro   0x00028972       0x1c ./Core/Src/inv.o
 .debug_macro   0x0002898e      0x185 ./Core/Src/inv.o
 .debug_macro   0x00028b13      0x19b ./Core/Src/inv.o
 .debug_macro   0x00028cae      0x25d ./Core/Src/main.o
 .debug_macro   0x00028f0b      0x2e8 ./Core/Src/speed_observer.o
 .debug_macro   0x000291f3      0x235 ./Core/Src/stm32g4xx_hal_msp.o
 .debug_macro   0x00029428      0x259 ./Core/Src/stm32g4xx_it.o
 .debug_macro   0x00029681      0x1e7 ./Core/Src/system_stm32g4xx.o
 .debug_macro   0x00029868      0x23f ./Core/Src/tim.o
 .debug_macro   0x00029aa7       0x11 ./Core/Src/variable.o
 .debug_macro   0x00029ab8      0x235 ./Drivers/STM32G4xx_HAL_Driver/Src/stm32g4xx_hal.o
 .debug_macro   0x00029ced      0x204 ./Drivers/STM32G4xx_HAL_Driver/Src/stm32g4xx_hal_adc.o
 .debug_macro   0x00029ef1      0x1f3 ./Drivers/STM32G4xx_HAL_Driver/Src/stm32g4xx_hal_adc_ex.o
 .debug_macro   0x0002a0e4      0x1e7 ./Drivers/STM32G4xx_HAL_Driver/Src/stm32g4xx_hal_cortex.o
 .debug_macro   0x0002a2cb      0x1ee ./Drivers/STM32G4xx_HAL_Driver/Src/stm32g4xx_hal_gpio.o
 .debug_macro   0x0002a4b9      0x204 ./Drivers/STM32G4xx_HAL_Driver/Src/stm32g4xx_hal_hrtim.o
 .debug_macro   0x0002a6bd      0x211 ./Drivers/STM32G4xx_HAL_Driver/Src/stm32g4xx_hal_pwr_ex.o
 .debug_macro   0x0002a8ce      0x229 ./Drivers/STM32G4xx_HAL_Driver/Src/stm32g4xx_hal_rcc.o
 .debug_macro   0x0002aaf7      0x211 ./Drivers/STM32G4xx_HAL_Driver/Src/stm32g4xx_hal_rcc_ex.o
 .debug_macro   0x0002ad08      0x1ef ./Drivers/STM32G4xx_HAL_Driver/Src/stm32g4xx_hal_tim.o
 .debug_macro   0x0002aef7      0x1ed ./Drivers/STM32G4xx_HAL_Driver/Src/stm32g4xx_hal_tim_ex.o

.debug_line     0x00000000    0x1cf16
 .debug_line    0x00000000      0xa90 ./Core/Src/adc.o
 .debug_line    0x00000a90      0x9cc ./Core/Src/control.o
 .debug_line    0x0000145c      0x85d ./Core/Src/fault.o
 .debug_line    0x00001cb9      0x7b6 ./Core/Src/flag.o
 .debug_line    0x0000246f      0x7eb ./Core/Src/gpio.o
 .debug_line    0x00002c5a      0xb12 ./Core/Src/hrtim.o
 .debug_line    0x0000376c     0x26ac ./Core/Src/inv.o
 .debug_line    0x00005e18      0x884 ./Core/Src/main.o
 .debug_line    0x0000669c      0xe08 ./Core/Src/speed_observer.o
 .debug_line    0x000074a4      0x7dc ./Core/Src/stm32g4xx_hal_msp.o
 .debug_line    0x00007c80      0x8df ./Core/Src/stm32g4xx_it.o
 .debug_line    0x0000855f      0x7fb ./Core/Src/system_stm32g4xx.o
 .debug_line    0x00008d5a      0x95d ./Core/Src/tim.o
 .debug_line    0x000096b7       0x37 ./Core/Src/variable.o
 .debug_line    0x000096ee       0x7b ./Core/Startup/startup_stm32g474retx.o
 .debug_line    0x00009769      0xbc7 ./Drivers/STM32G4xx_HAL_Driver/Src/stm32g4xx_hal.o
 .debug_line    0x0000a330     0x2296 ./Drivers/STM32G4xx_HAL_Driver/Src/stm32g4xx_hal_adc.o
 .debug_line    0x0000c5c6     0x1bee ./Drivers/STM32G4xx_HAL_Driver/Src/stm32g4xx_hal_adc_ex.o
 .debug_line    0x0000e1b4      0xd2c ./Drivers/STM32G4xx_HAL_Driver/Src/stm32g4xx_hal_cortex.o
 .debug_line    0x0000eee0      0xba0 ./Drivers/STM32G4xx_HAL_Driver/Src/stm32g4xx_hal_gpio.o
 .debug_line    0x0000fa80     0x4339 ./Drivers/STM32G4xx_HAL_Driver/Src/stm32g4xx_hal_hrtim.o
 .debug_line    0x00013db9      0xd26 ./Drivers/STM32G4xx_HAL_Driver/Src/stm32g4xx_hal_pwr_ex.o
 .debug_line    0x00014adf     0x104a ./Drivers/STM32G4xx_HAL_Driver/Src/stm32g4xx_hal_rcc.o
 .debug_line    0x00015b29     0x12bf ./Drivers/STM32G4xx_HAL_Driver/Src/stm32g4xx_hal_rcc_ex.o
 .debug_line    0x00016de8     0x4060 ./Drivers/STM32G4xx_HAL_Driver/Src/stm32g4xx_hal_tim.o
 .debug_line    0x0001ae48     0x20ce ./Drivers/STM32G4xx_HAL_Driver/Src/stm32g4xx_hal_tim_ex.o

.debug_str      0x00000000   0x12d359
 .debug_str     0x00000000   0x12d359 ./Core/Src/adc.o
                             0x123209 (size before relaxing)
 .debug_str     0x0012d359   0x122667 ./Core/Src/control.o
 .debug_str     0x0012d359   0x121f8e ./Core/Src/fault.o
 .debug_str     0x0012d359   0x1217be ./Core/Src/flag.o
 .debug_str     0x0012d359   0x12194c ./Core/Src/gpio.o
 .debug_str     0x0012d359   0x122dac ./Core/Src/hrtim.o
 .debug_str     0x0012d359   0x126504 ./Core/Src/inv.o
 .debug_str     0x0012d359   0x122cb4 ./Core/Src/main.o
 .debug_str     0x0012d359   0x125421 ./Core/Src/speed_observer.o
 .debug_str     0x0012d359   0x1218a2 ./Core/Src/stm32g4xx_hal_msp.o
 .debug_str     0x0012d359   0x12257c ./Core/Src/stm32g4xx_it.o
 .debug_str     0x0012d359   0x1210de ./Core/Src/system_stm32g4xx.o
 .debug_str     0x0012d359   0x122954 ./Core/Src/tim.o
 .debug_str     0x0012d359     0x2ef1 ./Core/Src/variable.o
 .debug_str     0x0012d359       0x77 ./Core/Startup/startup_stm32g474retx.o
 .debug_str     0x0012d359   0x121df0 ./Drivers/STM32G4xx_HAL_Driver/Src/stm32g4xx_hal.o
 .debug_str     0x0012d359   0x12210b ./Drivers/STM32G4xx_HAL_Driver/Src/stm32g4xx_hal_adc.o
 .debug_str     0x0012d359   0x1220b1 ./Drivers/STM32G4xx_HAL_Driver/Src/stm32g4xx_hal_adc_ex.o
 .debug_str     0x0012d359   0x121aac ./Drivers/STM32G4xx_HAL_Driver/Src/stm32g4xx_hal_cortex.o
 .debug_str     0x0012d359   0x121269 ./Drivers/STM32G4xx_HAL_Driver/Src/stm32g4xx_hal_gpio.o
 .debug_str     0x0012d359   0x1234d8 ./Drivers/STM32G4xx_HAL_Driver/Src/stm32g4xx_hal_hrtim.o
 .debug_str     0x0012d359   0x1215cc ./Drivers/STM32G4xx_HAL_Driver/Src/stm32g4xx_hal_pwr_ex.o
 .debug_str     0x0012d359   0x1217fd ./Drivers/STM32G4xx_HAL_Driver/Src/stm32g4xx_hal_rcc.o
 .debug_str     0x0012d359   0x121827 ./Drivers/STM32G4xx_HAL_Driver/Src/stm32g4xx_hal_rcc_ex.o
 .debug_str     0x0012d359   0x1225dc ./Drivers/STM32G4xx_HAL_Driver/Src/stm32g4xx_hal_tim.o
 .debug_str     0x0012d359   0x122250 ./Drivers/STM32G4xx_HAL_Driver/Src/stm32g4xx_hal_tim_ex.o

.comment        0x00000000       0x43
 .comment       0x00000000       0x43 ./Core/Src/adc.o
                                 0x44 (size before relaxing)
 .comment       0x00000043       0x44 ./Core/Src/control.o
 .comment       0x00000043       0x44 ./Core/Src/fault.o
 .comment       0x00000043       0x44 ./Core/Src/flag.o
 .comment       0x00000043       0x44 ./Core/Src/gpio.o
 .comment       0x00000043       0x44 ./Core/Src/hrtim.o
 .comment       0x00000043       0x44 ./Core/Src/inv.o
 .comment       0x00000043       0x44 ./Core/Src/main.o
 .comment       0x00000043       0x44 ./Core/Src/speed_observer.o
 .comment       0x00000043       0x44 ./Core/Src/stm32g4xx_hal_msp.o
 .comment       0x00000043       0x44 ./Core/Src/stm32g4xx_it.o
 .comment       0x00000043       0x44 ./Core/Src/system_stm32g4xx.o
 .comment       0x00000043       0x44 ./Core/Src/tim.o
 .comment       0x00000043       0x44 ./Core/Src/variable.o
 .comment       0x00000043       0x44 ./Drivers/STM32G4xx_HAL_Driver/Src/stm32g4xx_hal.o
 .comment       0x00000043       0x44 ./Drivers/STM32G4xx_HAL_Driver/Src/stm32g4xx_hal_adc.o
 .comment       0x00000043       0x44 ./Drivers/STM32G4xx_HAL_Driver/Src/stm32g4xx_hal_adc_ex.o
 .comment       0x00000043       0x44 ./Drivers/STM32G4xx_HAL_Driver/Src/stm32g4xx_hal_cortex.o
 .comment       0x00000043       0x44 ./Drivers/STM32G4xx_HAL_Driver/Src/stm32g4xx_hal_gpio.o
 .comment       0x00000043       0x44 ./Drivers/STM32G4xx_HAL_Driver/Src/stm32g4xx_hal_hrtim.o
 .comment       0x00000043       0x44 ./Drivers/STM32G4xx_HAL_Driver/Src/stm32g4xx_hal_pwr_ex.o
 .comment       0x00000043       0x44 ./Drivers/STM32G4xx_HAL_Driver/Src/stm32g4xx_hal_rcc.o
 .comment       0x00000043       0x44 ./Drivers/STM32G4xx_HAL_Driver/Src/stm32g4xx_hal_rcc_ex.o
 .comment       0x00000043       0x44 ./Drivers/STM32G4xx_HAL_Driver/Src/stm32g4xx_hal_tim.o
 .comment       0x00000043       0x44 ./Drivers/STM32G4xx_HAL_Driver/Src/stm32g4xx_hal_tim_ex.o

.debug_frame    0x00000000     0x67b0
 .debug_frame   0x00000000       0xc8 ./Core/Src/adc.o
 .debug_frame   0x000000c8       0x2c ./Core/Src/control.o
 .debug_frame   0x000000f4       0x6c ./Core/Src/fault.o
 .debug_frame   0x00000160       0x34 ./Core/Src/gpio.o
 .debug_frame   0x00000194       0xc8 ./Core/Src/hrtim.o