../Core/Src/inv.c:27:6:InitParameter	72	static
../Core/Src/inv.c:78:6:InitCurrentController	16	static
../Core/Src/inv.c:154:6:UpdateController	16	static
../Core/Src/inv.c:172:6:Init_Spd_PLL	16	static
../Core/Src/inv.c:187:6:ResetController	16	static
../Core/Src/inv.c:240:6:TorqueControl	24	static
../Core/Src/inv.c:267:6:InitSpeedController	24	static
../Core/Src/inv.c:293:6:CurrentControl	80	static
../Core/Src/inv.c:533:6:CurrentControl_OLC	80	static
../Core/Src/inv.c:624:6:SpeedControl	24	static
../Core/Src/inv.c:652:6:OpenLoopControl	16	static
../Core/Src/inv.c:673:6:Vref_GenControl	72	static
../Core/Src/inv.c:856:6:VoltageOpenLoopControl	72	static
../Core/Src/inv.c:1018:6:VoltageInjection_SquareWave	24	static
../Core/Src/inv.c:1096:6:Hallsensor_Observer	16	static
../Core/Src/inv.c:1211:9:GetHallSensorState	24	static
../Core/Src/inv.c:1223:6:HallPosition_Test	16	static
../Core/Src/inv.c:1266:6:Align	16	static
../Core/Src/inv.c:1314:6:PwmSwOn	8	static
../Core/Src/inv.c:1327:6:PwmSwOff	8	static
../Core/Src/inv.c:1344:6:PwmDutyUpt	24	static
